Archive member included because of file (symbol)

C:\Users\Chandan\AppData\Local\Arduino15\packages\arduino\hardware\sam\1.6.12\variants\arduino_due_x/libsam_sam3x8e_gcc_rel.a(pio.o)
                              C:\Users\Chandan\AppData\Local\Temp\arduino-sketch-4BB877CF7C4ABDF07F22EF02508501B4\libraries\Wire\Wire.cpp.o (PIO_Configure)
C:\Users\Chandan\AppData\Local\Arduino15\packages\arduino\hardware\sam\1.6.12\variants\arduino_due_x/libsam_sam3x8e_gcc_rel.a(pmc.o)
                              C:\Users\Chandan\AppData\Local\Temp\arduino-sketch-4BB877CF7C4ABDF07F22EF02508501B4\libraries\Wire\Wire.cpp.o (pmc_enable_periph_clk)
C:\Users\Chandan\AppData\Local\Arduino15\packages\arduino\hardware\sam\1.6.12\variants\arduino_due_x/libsam_sam3x8e_gcc_rel.a(spi.o)
                              C:\Users\Chandan\AppData\Local\Temp\arduino-sketch-4BB877CF7C4ABDF07F22EF02508501B4\libraries\SPI\SPI.cpp.o (SPI_Enable)
C:\Users\Chandan\AppData\Local\Arduino15\packages\arduino\hardware\sam\1.6.12\variants\arduino_due_x/libsam_sam3x8e_gcc_rel.a(twi.o)
                              C:\Users\Chandan\AppData\Local\Temp\arduino-sketch-4BB877CF7C4ABDF07F22EF02508501B4\libraries\Wire\Wire.cpp.o (TWI_SetClock)
C:\Users\Chandan\AppData\Local\Arduino15\packages\arduino\hardware\sam\1.6.12\variants\arduino_due_x/libsam_sam3x8e_gcc_rel.a(system_sam3xa.o)
                              C:\Users\Chandan\AppData\Local\Temp\arduino-sketch-4BB877CF7C4ABDF07F22EF02508501B4\core\variant.cpp.o (SystemInit)
C:\Users\Chandan\AppData\Local\Arduino15\packages\arduino\hardware\sam\1.6.12\variants\arduino_due_x/libsam_sam3x8e_gcc_rel.a(startup_sam3xa.o)
                              (Reset_Handler)
C:\Users\Chandan\AppData\Local\Arduino15\packages\arduino\hardware\sam\1.6.12\variants\arduino_due_x/libsam_sam3x8e_gcc_rel.a(adc.o)
                              C:\Users\Chandan\AppData\Local\Temp\arduino-sketch-4BB877CF7C4ABDF07F22EF02508501B4\core\variant.cpp.o (adc_init)
C:\Users\Chandan\AppData\Local\Arduino15\packages\arduino\hardware\sam\1.6.12\variants\arduino_due_x/libsam_sam3x8e_gcc_rel.a(uotghs.o)
                              C:\Users\Chandan\AppData\Local\Arduino15\packages\arduino\hardware\sam\1.6.12\variants\arduino_due_x/libsam_sam3x8e_gcc_rel.a(startup_sam3xa.o) (UOTGHS_Handler)
C:\Users\Chandan\AppData\Local\Temp\arduino-sketch-4BB877CF7C4ABDF07F22EF02508501B4/..\arduino-core-cache\core_arduino_sam_arduino_due_x_dbg_30f019762e8cfeac4e88b04ff2e5748c.a(Print.cpp.o)
                              C:\Users\Chandan\AppData\Local\Temp\arduino-sketch-4BB877CF7C4ABDF07F22EF02508501B4\libraries\Wire\Wire.cpp.o (Print::write(unsigned char const*, unsigned int))
C:\Users\Chandan\AppData\Local\Temp\arduino-sketch-4BB877CF7C4ABDF07F22EF02508501B4/..\arduino-core-cache\core_arduino_sam_arduino_due_x_dbg_30f019762e8cfeac4e88b04ff2e5748c.a(RingBuffer.cpp.o)
                              C:\Users\Chandan\AppData\Local\Temp\arduino-sketch-4BB877CF7C4ABDF07F22EF02508501B4\core\variant.cpp.o (RingBuffer::RingBuffer())
C:\Users\Chandan\AppData\Local\Temp\arduino-sketch-4BB877CF7C4ABDF07F22EF02508501B4/..\arduino-core-cache\core_arduino_sam_arduino_due_x_dbg_30f019762e8cfeac4e88b04ff2e5748c.a(UARTClass.cpp.o)
                              C:\Users\Chandan\AppData\Local\Temp\arduino-sketch-4BB877CF7C4ABDF07F22EF02508501B4\core\variant.cpp.o (UARTClass::available())
C:\Users\Chandan\AppData\Local\Temp\arduino-sketch-4BB877CF7C4ABDF07F22EF02508501B4/..\arduino-core-cache\core_arduino_sam_arduino_due_x_dbg_30f019762e8cfeac4e88b04ff2e5748c.a(USARTClass.cpp.o)
                              C:\Users\Chandan\AppData\Local\Temp\arduino-sketch-4BB877CF7C4ABDF07F22EF02508501B4\core\variant.cpp.o (USARTClass::USARTClass(Usart*, IRQn, unsigned long, RingBuffer*, RingBuffer*))
C:\Users\Chandan\AppData\Local\Temp\arduino-sketch-4BB877CF7C4ABDF07F22EF02508501B4/..\arduino-core-cache\core_arduino_sam_arduino_due_x_dbg_30f019762e8cfeac4e88b04ff2e5748c.a(WInterrupts.c.o)
                              C:\Users\Chandan\AppData\Local\Arduino15\packages\arduino\hardware\sam\1.6.12\variants\arduino_due_x/libsam_sam3x8e_gcc_rel.a(startup_sam3xa.o) (PIOA_Handler)
C:\Users\Chandan\AppData\Local\Temp\arduino-sketch-4BB877CF7C4ABDF07F22EF02508501B4/..\arduino-core-cache\core_arduino_sam_arduino_due_x_dbg_30f019762e8cfeac4e88b04ff2e5748c.a(abi.cpp.o)
                              C:\Users\Chandan\AppData\Local\Temp\arduino-sketch-4BB877CF7C4ABDF07F22EF02508501B4\libraries\Adafruit_ICM20X\Adafruit_ICM20X.cpp.o (__cxa_pure_virtual)
C:\Users\Chandan\AppData\Local\Temp\arduino-sketch-4BB877CF7C4ABDF07F22EF02508501B4/..\arduino-core-cache\core_arduino_sam_arduino_due_x_dbg_30f019762e8cfeac4e88b04ff2e5748c.a(cortex_handlers.c.o)
                              C:\Users\Chandan\AppData\Local\Arduino15\packages\arduino\hardware\sam\1.6.12\variants\arduino_due_x/libsam_sam3x8e_gcc_rel.a(startup_sam3xa.o) (NMI_Handler)
[...]
Memory Configuration

Name             Origin             Length             Attributes
rom              0x00080000         0x00080000         xr
sram0            0x20000000         0x00010000         xrw
sram1            0x20080000         0x00008000         xrw
ram              0x20070000         0x00018000         xrw
*default*        0x00000000         0xffffffff

Linker script and memory map

LOAD c:/users/chandan/appdata/local/arduino15/packages/arduino/tools/arm-none-eabi-gcc/4.8.3-2014q1/bin/../lib/gcc/arm-none-eabi/4.8.3/armv7-m/crti.o
LOAD c:/users/chandan/appdata/local/arduino15/packages/arduino/tools/arm-none-eabi-gcc/4.8.3-2014q1/bin/../lib/gcc/arm-none-eabi/4.8.3/armv7-m/crtbegin.o
LOAD c:/users/chandan/appdata/local/arduino15/packages/arduino/tools/arm-none-eabi-gcc/4.8.3-2014q1/bin/../lib/gcc/arm-none-eabi/4.8.3/../../../../arm-none-eabi/lib/armv7-m/crt0.o
START GROUP
LOAD C:\Users\Chandan\AppData\Local\Temp\arduino-sketch-4BB877CF7C4ABDF07F22EF02508501B4\sketch\9DoF_IMU.ino.ino.cpp.o
LOAD C:\Users\Chandan\AppData\Local\Temp\arduino-sketch-4BB877CF7C4ABDF07F22EF02508501B4\libraries\Adafruit_ICM20X\Adafruit_ICM20649.cpp.o
LOAD C:\Users\Chandan\AppData\Local\Temp\arduino-sketch-4BB877CF7C4ABDF07F22EF02508501B4\libraries\Adafruit_ICM20X\Adafruit_ICM20948.cpp.o
LOAD C:\Users\Chandan\AppData\Local\Temp\arduino-sketch-4BB877CF7C4ABDF07F22EF02508501B4\libraries\Adafruit_ICM20X\Adafruit_ICM20X.cpp.o
LOAD C:\Users\Chandan\AppData\Local\Temp\arduino-sketch-4BB877CF7C4ABDF07F22EF02508501B4\libraries\Adafruit_BusIO\Adafruit_BusIO_Register.cpp.o
LOAD C:\Users\Chandan\AppData\Local\Temp\arduino-sketch-4BB877CF7C4ABDF07F22EF02508501B4\libraries\Adafruit_BusIO\Adafruit_I2CDevice.cpp.o
LOAD C:\Users\Chandan\AppData\Local\Temp\arduino-sketch-4BB877CF7C4ABDF07F22EF02508501B4\libraries\Adafruit_BusIO\Adafruit_SPIDevice.cpp.o
LOAD C:\Users\Chandan\AppData\Local\Temp\arduino-sketch-4BB877CF7C4ABDF07F22EF02508501B4\libraries\Wire\Wire.cpp.o
LOAD C:\Users\Chandan\AppData\Local\Temp\arduino-sketch-4BB877CF7C4ABDF07F22EF02508501B4\libraries\SPI\SPI.cpp.o
LOAD C:\Users\Chandan\AppData\Local\Temp\arduino-sketch-4BB877CF7C4ABDF07F22EF02508501B4\libraries\Adafruit_Unified_Sensor\Adafruit_Sensor.cpp.o
LOAD C:\Users\Chandan\AppData\Local\Temp\arduino-sketch-4BB877CF7C4ABDF07F22EF02508501B4\core\variant.cpp.o
LOAD C:\Users\Chandan\AppData\Local\Arduino15\packages\arduino\hardware\sam\1.6.12\variants\arduino_due_x/libsam_sam3x8e_gcc_rel.a
LOAD C:\Users\Chandan\AppData\Local\Temp\arduino-sketch-4BB877CF7C4ABDF07F22EF02508501B4/..\arduino-core-cache\core_arduino_sam_arduino_due_x_dbg_30f019762e8cfeac4e88b04ff2e5748c.a
END GROUP
LOAD c:/users/chandan/appdata/local/arduino15/packages/arduino/tools/arm-none-eabi-gcc/4.8.3-2014q1/bin/../lib/gcc/arm-none-eabi/4.8.3/../../../../arm-none-eabi/lib/armv7-m\libm.a
LOAD c:/users/chandan/appdata/local/arduino15/packages/arduino/tools/arm-none-eabi-gcc/4.8.3-2014q1/bin/../lib/gcc/arm-none-eabi/4.8.3/armv7-m\libgcc.a
START GROUP
LOAD c:/users/chandan/appdata/local/arduino15/packages/arduino/tools/arm-none-eabi-gcc/4.8.3-2014q1/bin/../lib/gcc/arm-none-eabi/4.8.3/armv7-m\libgcc.a
LOAD c:/users/chandan/appdata/local/arduino15/packages/arduino/tools/arm-none-eabi-gcc/4.8.3-2014q1/bin/../lib/gcc/arm-none-eabi/4.8.3/../../../../arm-none-eabi/lib/armv7-m\libc.a
END GROUP
LOAD c:/users/chandan/appdata/local/arduino15/packages/arduino/tools/arm-none-eabi-gcc/4.8.3-2014q1/bin/../lib/gcc/arm-none-eabi/4.8.3/armv7-m/crtend.o
LOAD c:/users/chandan/appdata/local/arduino15/packages/arduino/tools/arm-none-eabi-gcc/4.8.3-2014q1/bin/../lib/gcc/arm-none-eabi/4.8.3/armv7-m/crtn.o

.text           0x00080000     0x8fe0
                0x00080000                . = ALIGN (0x4)
                0x00080000                _sfixed = .
 *(.vectors .vectors.*)
 .vectors       0x00080000       0xf4 C:\Users\Chandan\AppData\Local\Arduino15\packages\arduino\hardware\sam\1.6.12\variants\arduino_due_x/libsam_sam3x8e_gcc_rel.a(startup_sam3xa.o)
                0x00080000                exception_table
 *(.text .text.* .gnu.linkonce.t.*)
 .text          0x000800f4       0x54 c:/users/chandan/appdata/local/arduino15/packages/arduino/tools/arm-none-eabi-gcc/4.8.3-2014q1/bin/../lib/gcc/arm-none-eabi/4.8.3/armv7-m/crtbegin.o
 .text._ZN17Adafruit_ICM20948D2Ev
                0x00080148       0x14 C:\Users\Chandan\AppData\Local\Temp\arduino-sketch-4BB877CF7C4ABDF07F22EF02508501B4\sketch\9DoF_IMU.ino.ino.cpp.o
                0x00080148                Adafruit_ICM20948::~Adafruit_ICM20948()
                0x00080148                Adafruit_ICM20948::~Adafruit_ICM20948()
 .text.loop     0x0008015c      0x184 C:\Users\Chandan\AppData\Local\Temp\arduino-sketch-4BB877CF7C4ABDF07F22EF02508501B4\sketch\9DoF_IMU.ino.ino.cpp.o
                0x0008015c                loop
 .text.startup._GLOBAL__sub_I_icm
                0x000802e0       0x24 C:\Users\Chandan\AppData\Local\Temp\arduino-sketch-4BB877CF7C4ABDF07F22EF02508501B4\sketch\9DoF_IMU.ino.ino.cpp.o
 *fill*         0x00080304        0x4 
 .text.setup    0x00080308      0x228 C:\Users\Chandan\AppData\Local\Temp\arduino-sketch-4BB877CF7C4ABDF07F22EF02508501B4\sketch\9DoF_IMU.ino.ino.cpp.o
                0x00080308                setup
 .text._ZN17Adafruit_ICM2094811scaleValuesEv
                0x00080530      0x120 C:\Users\Chandan\AppData\Local\Temp\arduino-sketch-4BB877CF7C4ABDF07F22EF02508501B4\libraries\Adafruit_ICM20X\Adafruit_ICM20948.cpp.o
                0x00080530                Adafruit_ICM20948::scaleValues()
 .text._ZN17Adafruit_ICM20948C2Ev
                0x00080650       0x14 C:\Users\Chandan\AppData\Local\Temp\arduino-sketch-4BB877CF7C4ABDF07F22EF02508501B4\libraries\Adafruit_ICM20X\Adafruit_ICM20948.cpp.o
                0x00080650                Adafruit_ICM20948::Adafruit_ICM20948()
                0x00080650                Adafruit_ICM20948::Adafruit_ICM20948()
 .text._ZN17Adafruit_ICM209488getMagIdEv
                0x00080664        0x8 C:\Users\Chandan\AppData\Local\Temp\arduino-sketch-4BB877CF7C4ABDF07F22EF02508501B4\libraries\Adafruit_ICM20X\Adafruit_ICM20948.cpp.o
                0x00080664                Adafruit_ICM20948::getMagId()
 .text._ZN17Adafruit_ICM2094820auxI2CBusSetupFailedEv
                0x0008066c       0x22 C:\Users\Chandan\AppData\Local\Temp\arduino-sketch-4BB877CF7C4ABDF07F22EF02508501B4\libraries\Adafruit_ICM20X\Adafruit_ICM20948.cpp.o
                0x0008066c                Adafruit_ICM20948::auxI2CBusSetupFailed()
 .text._ZN17Adafruit_ICM2094815readMagRegisterEh
                0x0008068e        0x8 C:\Users\Chandan\AppData\Local\Temp\arduino-sketch-4BB877CF7C4ABDF07F22EF02508501B4\libraries\Adafruit_ICM20X\Adafruit_ICM20948.cpp.o
                0x0008068e                Adafruit_ICM20948::readMagRegister(unsigned char)
 .text._ZN17Adafruit_ICM2094816writeMagRegisterEhh
                0x00080696       0x12 C:\Users\Chandan\AppData\Local\Temp\arduino-sketch-4BB877CF7C4ABDF07F22EF02508501B4\libraries\Adafruit_ICM20X\Adafruit_ICM20948.cpp.o
                0x00080696                Adafruit_ICM20948::writeMagRegister(unsigned char, unsigned char)
 .text._ZN17Adafruit_ICM2094813getAccelRangeEv
                0x000806a8        0x4 C:\Users\Chandan\AppData\Local\Temp\arduino-sketch-4BB877CF7C4ABDF07F22EF02508501B4\libraries\Adafruit_ICM20X\Adafruit_ICM20948.cpp.o
                0x000806a8                Adafruit_ICM20948::getAccelRange()
 .text._ZN17Adafruit_ICM2094813setAccelRangeE22icm20948_accel_range_t
                0x000806ac        0x4 C:\Users\Chandan\AppData\Local\Temp\arduino-sketch-4BB877CF7C4ABDF07F22EF02508501B4\libraries\Adafruit_ICM20X\Adafruit_ICM20948.cpp.o
                0x000806ac                Adafruit_ICM20948::setAccelRange(icm20948_accel_range_t)
 .text._ZN17Adafruit_ICM2094812getGyroRangeEv
                0x000806b0        0x4 C:\Users\Chandan\AppData\Local\Temp\arduino-sketch-4BB877CF7C4ABDF07F22EF02508501B4\libraries\Adafruit_ICM20X\Adafruit_ICM20948.cpp.o
                0x000806b0                Adafruit_ICM20948::getGyroRange()
 .text._ZN17Adafruit_ICM2094814getMagDataRateEv
                0x000806b4        0x6 C:\Users\Chandan\AppData\Local\Temp\arduino-sketch-4BB877CF7C4ABDF07F22EF02508501B4\libraries\Adafruit_ICM20X\Adafruit_ICM20948.cpp.o
                0x000806b4                Adafruit_ICM20948::getMagDataRate()
 .text._ZN17Adafruit_ICM2094814setMagDataRateE19ak09916_data_rate_t
                0x000806ba       0x2a C:\Users\Chandan\AppData\Local\Temp\arduino-sketch-4BB877CF7C4ABDF07F22EF02508501B4\libraries\Adafruit_ICM20X\Adafruit_ICM20948.cpp.o
                0x000806ba                Adafruit_ICM20948::setMagDataRate(ak09916_data_rate_t)
 .text._ZN17Adafruit_ICM209488setupMagEv
                0x000806e4       0xb0 C:\Users\Chandan\AppData\Local\Temp\arduino-sketch-4BB877CF7C4ABDF07F22EF02508501B4\libraries\Adafruit_ICM20X\Adafruit_ICM20948.cpp.o
                0x000806e4                Adafruit_ICM20948::setupMag()
 .text._ZN17Adafruit_ICM209489begin_I2CEhP7TwoWirel
                0x00080794       0x6c C:\Users\Chandan\AppData\Local\Temp\arduino-sketch-4BB877CF7C4ABDF07F22EF02508501B4\libraries\Adafruit_ICM20X\Adafruit_ICM20948.cpp.o
                0x00080794                Adafruit_ICM20948::begin_I2C(unsigned char, TwoWire*, long)
 .text._ZN15Adafruit_SensorD2Ev
                0x00080800        0xc C:\Users\Chandan\AppData\Local\Temp\arduino-sketch-4BB877CF7C4ABDF07F22EF02508501B4\libraries\Adafruit_ICM20X\Adafruit_ICM20X.cpp.o
                0x00080800                Adafruit_Sensor::~Adafruit_Sensor()
                0x00080800                Adafruit_Sensor::~Adafruit_Sensor()
 .text._ZN15Adafruit_Sensor15enableAutoRangeEb
                0x0008080c        0x2 C:\Users\Chandan\AppData\Local\Temp\arduino-sketch-4BB877CF7C4ABDF07F22EF02508501B4\libraries\Adafruit_ICM20X\Adafruit_ICM20X.cpp.o
                0x0008080c                Adafruit_Sensor::enableAutoRange(bool)
 .text._ZN15Adafruit_ICM20X9begin_I2CEhP7TwoWirel
                0x0008080e        0x4 C:\Users\Chandan\AppData\Local\Temp\arduino-sketch-4BB877CF7C4ABDF07F22EF02508501B4\libraries\Adafruit_ICM20X\Adafruit_ICM20X.cpp.o
                0x0008080e                Adafruit_ICM20X::begin_I2C(unsigned char, TwoWire*, long)
 .text._ZN15Adafruit_ICM20X11scaleValuesEv
                0x00080812        0x2 C:\Users\Chandan\AppData\Local\Temp\arduino-sketch-4BB877CF7C4ABDF07F22EF02508501B4\libraries\Adafruit_ICM20X\Adafruit_ICM20X.cpp.o
                0x00080812                Adafruit_ICM20X::scaleValues()
 .text._ZN20Adafruit_ICM20X_TempD2Ev
                0x00080814        0xc C:\Users\Chandan\AppData\Local\Temp\arduino-sketch-4BB877CF7C4ABDF07F22EF02508501B4\libraries\Adafruit_ICM20X\Adafruit_ICM20X.cpp.o
                0x00080814                Adafruit_ICM20X_Temp::~Adafruit_ICM20X_Temp()
                0x00080814                Adafruit_ICM20X_Temp::~Adafruit_ICM20X_Temp()
 .text._ZN28Adafruit_ICM20X_MagnetometerD2Ev
                0x00080820        0xc C:\Users\Chandan\AppData\Local\Temp\arduino-sketch-4BB877CF7C4ABDF07F22EF02508501B4\libraries\Adafruit_ICM20X\Adafruit_ICM20X.cpp.o
                0x00080820                Adafruit_ICM20X_Magnetometer::~Adafruit_ICM20X_Magnetometer()
                0x00080820                Adafruit_ICM20X_Magnetometer::~Adafruit_ICM20X_Magnetometer()
 .text._ZN20Adafruit_ICM20X_GyroD2Ev
                0x0008082c        0xc C:\Users\Chandan\AppData\Local\Temp\arduino-sketch-4BB877CF7C4ABDF07F22EF02508501B4\libraries\Adafruit_ICM20X\Adafruit_ICM20X.cpp.o
                0x0008082c                Adafruit_ICM20X_Gyro::~Adafruit_ICM20X_Gyro()
                0x0008082c                Adafruit_ICM20X_Gyro::~Adafruit_ICM20X_Gyro()
 .text._ZN29Adafruit_ICM20X_AccelerometerD2Ev
                0x00080838        0xc C:\Users\Chandan\AppData\Local\Temp\arduino-sketch-4BB877CF7C4ABDF07F22EF02508501B4\libraries\Adafruit_ICM20X\Adafruit_ICM20X.cpp.o
                0x00080838                Adafruit_ICM20X_Accelerometer::~Adafruit_ICM20X_Accelerometer()
                0x00080838                Adafruit_ICM20X_Accelerometer::~Adafruit_ICM20X_Accelerometer()
 .text._ZN15Adafruit_SensorD0Ev
                0x00080844       0x14 C:\Users\Chandan\AppData\Local\Temp\arduino-sketch-4BB877CF7C4ABDF07F22EF02508501B4\libraries\Adafruit_ICM20X\Adafruit_ICM20X.cpp.o
                0x00080844                Adafruit_Sensor::~Adafruit_Sensor()
 .text._ZN20Adafruit_ICM20X_TempD0Ev
                0x00080858       0x14 C:\Users\Chandan\AppData\Local\Temp\arduino-sketch-4BB877CF7C4ABDF07F22EF02508501B4\libraries\Adafruit_ICM20X\Adafruit_ICM20X.cpp.o
                0x00080858                Adafruit_ICM20X_Temp::~Adafruit_ICM20X_Temp()
 .text._ZN28Adafruit_ICM20X_MagnetometerD0Ev
                0x0008086c       0x14 C:\Users\Chandan\AppData\Local\Temp\arduino-sketch-4BB877CF7C4ABDF07F22EF02508501B4\libraries\Adafruit_ICM20X\Adafruit_ICM20X.cpp.o
                0x0008086c                Adafruit_ICM20X_Magnetometer::~Adafruit_ICM20X_Magnetometer()
 .text._ZN20Adafruit_ICM20X_GyroD0Ev
                0x00080880       0x14 C:\Users\Chandan\AppData\Local\Temp\arduino-sketch-4BB877CF7C4ABDF07F22EF02508501B4\libraries\Adafruit_ICM20X\Adafruit_ICM20X.cpp.o
                0x00080880                Adafruit_ICM20X_Gyro::~Adafruit_ICM20X_Gyro()
 .text._ZN29Adafruit_ICM20X_AccelerometerD0Ev
                0x00080894       0x14 C:\Users\Chandan\AppData\Local\Temp\arduino-sketch-4BB877CF7C4ABDF07F22EF02508501B4\libraries\Adafruit_ICM20X\Adafruit_ICM20X.cpp.o
                0x00080894                Adafruit_ICM20X_Accelerometer::~Adafruit_ICM20X_Accelerometer()
 .text._ZN29Adafruit_ICM20X_Accelerometer9getSensorEP8sensor_t
                0x000808a8       0x48 C:\Users\Chandan\AppData\Local\Temp\arduino-sketch-4BB877CF7C4ABDF07F22EF02508501B4\libraries\Adafruit_ICM20X\Adafruit_ICM20X.cpp.o
                0x000808a8                Adafruit_ICM20X_Accelerometer::getSensor(sensor_t*)
 .text._ZN20Adafruit_ICM20X_Gyro9getSensorEP8sensor_t
                0x000808f0       0x4c C:\Users\Chandan\AppData\Local\Temp\arduino-sketch-4BB877CF7C4ABDF07F22EF02508501B4\libraries\Adafruit_ICM20X\Adafruit_ICM20X.cpp.o
                0x000808f0                Adafruit_ICM20X_Gyro::getSensor(sensor_t*)
 .text._ZN28Adafruit_ICM20X_Magnetometer9getSensorEP8sensor_t
                0x0008093c       0x4c C:\Users\Chandan\AppData\Local\Temp\arduino-sketch-4BB877CF7C4ABDF07F22EF02508501B4\libraries\Adafruit_ICM20X\Adafruit_ICM20X.cpp.o
                0x0008093c                Adafruit_ICM20X_Magnetometer::getSensor(sensor_t*)
 .text._ZN20Adafruit_ICM20X_Temp9getSensorEP8sensor_t
                0x00080988       0x4c C:\Users\Chandan\AppData\Local\Temp\arduino-sketch-4BB877CF7C4ABDF07F22EF02508501B4\libraries\Adafruit_ICM20X\Adafruit_ICM20X.cpp.o
                0x00080988                Adafruit_ICM20X_Temp::getSensor(sensor_t*)
 .text._ZN15Adafruit_ICM20XC2Ev
                0x000809d4       0x18 C:\Users\Chandan\AppData\Local\Temp\arduino-sketch-4BB877CF7C4ABDF07F22EF02508501B4\libraries\Adafruit_ICM20X\Adafruit_ICM20X.cpp.o
                0x000809d4                Adafruit_ICM20X::Adafruit_ICM20X()
                0x000809d4                Adafruit_ICM20X::Adafruit_ICM20X()
 .text._ZN15Adafruit_ICM20XD2Ev
                0x000809ec       0x38 C:\Users\Chandan\AppData\Local\Temp\arduino-sketch-4BB877CF7C4ABDF07F22EF02508501B4\libraries\Adafruit_ICM20X\Adafruit_ICM20X.cpp.o
                0x000809ec                Adafruit_ICM20X::~Adafruit_ICM20X()
                0x000809ec                Adafruit_ICM20X::~Adafruit_ICM20X()
 .text._ZN15Adafruit_ICM20X14fillAccelEventEP15sensors_event_tm
                0x00080a24       0x44 C:\Users\Chandan\AppData\Local\Temp\arduino-sketch-4BB877CF7C4ABDF07F22EF02508501B4\libraries\Adafruit_ICM20X\Adafruit_ICM20X.cpp.o
                0x00080a24                Adafruit_ICM20X::fillAccelEvent(sensors_event_t*, unsigned long)
 .text._ZN15Adafruit_ICM20X13fillGyroEventEP15sensors_event_tm
                0x00080a68       0x48 C:\Users\Chandan\AppData\Local\Temp\arduino-sketch-4BB877CF7C4ABDF07F22EF02508501B4\libraries\Adafruit_ICM20X\Adafruit_ICM20X.cpp.o
                0x00080a68                Adafruit_ICM20X::fillGyroEvent(sensors_event_t*, unsigned long)
 .text._ZN15Adafruit_ICM20X12fillMagEventEP15sensors_event_tm
                0x00080ab0       0x30 C:\Users\Chandan\AppData\Local\Temp\arduino-sketch-4BB877CF7C4ABDF07F22EF02508501B4\libraries\Adafruit_ICM20X\Adafruit_ICM20X.cpp.o
                0x00080ab0                Adafruit_ICM20X::fillMagEvent(sensors_event_t*, unsigned long)
 .text._ZN15Adafruit_ICM20X13fillTempEventEP15sensors_event_tm
                0x00080ae0       0x58 C:\Users\Chandan\AppData\Local\Temp\arduino-sketch-4BB877CF7C4ABDF07F22EF02508501B4\libraries\Adafruit_ICM20X\Adafruit_ICM20X.cpp.o
                0x00080ae0                Adafruit_ICM20X::fillTempEvent(sensors_event_t*, unsigned long)
 .text._ZN15Adafruit_ICM20X8_setBankEh
                0x00080b38       0x34 C:\Users\Chandan\AppData\Local\Temp\arduino-sketch-4BB877CF7C4ABDF07F22EF02508501B4\libraries\Adafruit_ICM20X\Adafruit_ICM20X.cpp.o
                0x00080b38                Adafruit_ICM20X::_setBank(unsigned char)
 .text._ZN15Adafruit_ICM20X5resetEv
                0x00080b6c       0x54 C:\Users\Chandan\AppData\Local\Temp\arduino-sketch-4BB877CF7C4ABDF07F22EF02508501B4\libraries\Adafruit_ICM20X\Adafruit_ICM20X.cpp.o
                0x00080b6c                Adafruit_ICM20X::reset()
 .text._ZN15Adafruit_ICM20X5_readEv
                0x00080bc0       0xe8 C:\Users\Chandan\AppData\Local\Temp\arduino-sketch-4BB877CF7C4ABDF07F22EF02508501B4\libraries\Adafruit_ICM20X\Adafruit_ICM20X.cpp.o
                0x00080bc0                Adafruit_ICM20X::_read()
 .text._ZN15Adafruit_ICM20X8getEventEP15sensors_event_tS1_S1_S1_
                0x00080ca8       0x4a C:\Users\Chandan\AppData\Local\Temp\arduino-sketch-4BB877CF7C4ABDF07F22EF02508501B4\libraries\Adafruit_ICM20X\Adafruit_ICM20X.cpp.o
                0x00080ca8                Adafruit_ICM20X::getEvent(sensors_event_t*, sensors_event_t*, sensors_event_t*, sensors_event_t*)
 .text._ZN29Adafruit_ICM20X_Accelerometer8getEventEP15sensors_event_t
                0x00080cf2       0x20 C:\Users\Chandan\AppData\Local\Temp\arduino-sketch-4BB877CF7C4ABDF07F22EF02508501B4\libraries\Adafruit_ICM20X\Adafruit_ICM20X.cpp.o
                0x00080cf2                Adafruit_ICM20X_Accelerometer::getEvent(sensors_event_t*)
 .text._ZN20Adafruit_ICM20X_Gyro8getEventEP15sensors_event_t
                0x00080d12       0x20 C:\Users\Chandan\AppData\Local\Temp\arduino-sketch-4BB877CF7C4ABDF07F22EF02508501B4\libraries\Adafruit_ICM20X\Adafruit_ICM20X.cpp.o
                0x00080d12                Adafruit_ICM20X_Gyro::getEvent(sensors_event_t*)
 .text._ZN28Adafruit_ICM20X_Magnetometer8getEventEP15sensors_event_t
                0x00080d32       0x20 C:\Users\Chandan\AppData\Local\Temp\arduino-sketch-4BB877CF7C4ABDF07F22EF02508501B4\libraries\Adafruit_ICM20X\Adafruit_ICM20X.cpp.o
                0x00080d32                Adafruit_ICM20X_Magnetometer::getEvent(sensors_event_t*)
 .text._ZN20Adafruit_ICM20X_Temp8getEventEP15sensors_event_t
                0x00080d52       0x20 C:\Users\Chandan\AppData\Local\Temp\arduino-sketch-4BB877CF7C4ABDF07F22EF02508501B4\libraries\Adafruit_ICM20X\Adafruit_ICM20X.cpp.o
                0x00080d52                Adafruit_ICM20X_Temp::getEvent(sensors_event_t*)
 .text._ZN15Adafruit_ICM20X14readAccelRangeEv
                0x00080d72       0x48 C:\Users\Chandan\AppData\Local\Temp\arduino-sketch-4BB877CF7C4ABDF07F22EF02508501B4\libraries\Adafruit_ICM20X\Adafruit_ICM20X.cpp.o
                0x00080d72                Adafruit_ICM20X::readAccelRange()
 .text._ZN15Adafruit_ICM20X15writeAccelRangeEh
                0x00080dba       0x4c C:\Users\Chandan\AppData\Local\Temp\arduino-sketch-4BB877CF7C4ABDF07F22EF02508501B4\libraries\Adafruit_ICM20X\Adafruit_ICM20X.cpp.o
                0x00080dba                Adafruit_ICM20X::writeAccelRange(unsigned char)
 .text._ZN15Adafruit_ICM20X13readGyroRangeEv
                0x00080e06       0x46 C:\Users\Chandan\AppData\Local\Temp\arduino-sketch-4BB877CF7C4ABDF07F22EF02508501B4\libraries\Adafruit_ICM20X\Adafruit_ICM20X.cpp.o
                0x00080e06                Adafruit_ICM20X::readGyroRange()
 .text._ZN15Adafruit_ICM20X14writeGyroRangeEh
                0x00080e4c       0x4a C:\Users\Chandan\AppData\Local\Temp\arduino-sketch-4BB877CF7C4ABDF07F22EF02508501B4\libraries\Adafruit_ICM20X\Adafruit_ICM20X.cpp.o
                0x00080e4c                Adafruit_ICM20X::writeGyroRange(unsigned char)
 .text._ZN15Adafruit_ICM20X19getAccelRateDivisorEv
                0x00080e96       0x3c C:\Users\Chandan\AppData\Local\Temp\arduino-sketch-4BB877CF7C4ABDF07F22EF02508501B4\libraries\Adafruit_ICM20X\Adafruit_ICM20X.cpp.o
                0x00080e96                Adafruit_ICM20X::getAccelRateDivisor()
 .text._ZN15Adafruit_ICM20X19setAccelRateDivisorEt
                0x00080ed2       0x3e C:\Users\Chandan\AppData\Local\Temp\arduino-sketch-4BB877CF7C4ABDF07F22EF02508501B4\libraries\Adafruit_ICM20X\Adafruit_ICM20X.cpp.o
                0x00080ed2                Adafruit_ICM20X::setAccelRateDivisor(unsigned short)
 .text._ZN15Adafruit_ICM20X18getGyroRateDivisorEv
                0x00080f10       0x3a C:\Users\Chandan\AppData\Local\Temp\arduino-sketch-4BB877CF7C4ABDF07F22EF02508501B4\libraries\Adafruit_ICM20X\Adafruit_ICM20X.cpp.o
                0x00080f10                Adafruit_ICM20X::getGyroRateDivisor()
 .text._ZN15Adafruit_ICM20X18setGyroRateDivisorEh
                0x00080f4a       0x3c C:\Users\Chandan\AppData\Local\Temp\arduino-sketch-4BB877CF7C4ABDF07F22EF02508501B4\libraries\Adafruit_ICM20X\Adafruit_ICM20X.cpp.o
                0x00080f4a                Adafruit_ICM20X::setGyroRateDivisor(unsigned char)
 *fill*         0x00080f86        0x2 
 .text._ZN15Adafruit_ICM20X5_initEl
                0x00080f88      0x110 C:\Users\Chandan\AppData\Local\Temp\arduino-sketch-4BB877CF7C4ABDF07F22EF02508501B4\libraries\Adafruit_ICM20X\Adafruit_ICM20X.cpp.o
                0x00080f88                Adafruit_ICM20X::_init(long)
 .text._ZN15Adafruit_ICM20X12setI2CBypassEb
                0x00081098       0x3e C:\Users\Chandan\AppData\Local\Temp\arduino-sketch-4BB877CF7C4ABDF07F22EF02508501B4\libraries\Adafruit_ICM20X\Adafruit_ICM20X.cpp.o
                0x00081098                Adafruit_ICM20X::setI2CBypass(bool)
 .text._ZN15Adafruit_ICM20X15enableI2CMasterEb
                0x000810d6       0x3e C:\Users\Chandan\AppData\Local\Temp\arduino-sketch-4BB877CF7C4ABDF07F22EF02508501B4\libraries\Adafruit_ICM20X\Adafruit_ICM20X.cpp.o
                0x000810d6                Adafruit_ICM20X::enableI2CMaster(bool)
 .text._ZN15Adafruit_ICM20X18configureI2CMasterEv
                0x00081114       0x32 C:\Users\Chandan\AppData\Local\Temp\arduino-sketch-4BB877CF7C4ABDF07F22EF02508501B4\libraries\Adafruit_ICM20X\Adafruit_ICM20X.cpp.o
                0x00081114                Adafruit_ICM20X::configureI2CMaster()
 .text._ZN15Adafruit_ICM20X28auxillaryRegisterTransactionEbhhh
                0x00081146      0x12a C:\Users\Chandan\AppData\Local\Temp\arduino-sketch-4BB877CF7C4ABDF07F22EF02508501B4\libraries\Adafruit_ICM20X\Adafruit_ICM20X.cpp.o
                0x00081146                Adafruit_ICM20X::auxillaryRegisterTransaction(bool, unsigned char, unsigned char, unsigned char)
 .text._ZN15Adafruit_ICM20X20readExternalRegisterEhh
                0x00081270       0x16 C:\Users\Chandan\AppData\Local\Temp\arduino-sketch-4BB877CF7C4ABDF07F22EF02508501B4\libraries\Adafruit_ICM20X\Adafruit_ICM20X.cpp.o
                0x00081270                Adafruit_ICM20X::readExternalRegister(unsigned char, unsigned char)
 .text._ZN15Adafruit_ICM20X21writeExternalRegisterEhhh
                0x00081286       0x1c C:\Users\Chandan\AppData\Local\Temp\arduino-sketch-4BB877CF7C4ABDF07F22EF02508501B4\libraries\Adafruit_ICM20X\Adafruit_ICM20X.cpp.o
                0x00081286                Adafruit_ICM20X::writeExternalRegister(unsigned char, unsigned char, unsigned char)
 .text._ZN15Adafruit_ICM20X14resetI2CMasterEv
                0x000812a2       0x52 C:\Users\Chandan\AppData\Local\Temp\arduino-sketch-4BB877CF7C4ABDF07F22EF02508501B4\libraries\Adafruit_ICM20X\Adafruit_ICM20X.cpp.o
                0x000812a2                Adafruit_ICM20X::resetI2CMaster()
 .text._ZN23Adafruit_BusIO_RegisterC2EP18Adafruit_I2CDeviceP18Adafruit_SPIDevice26_Adafruit_BusIO_SPIRegTypethhh
                0x000812f4       0x26 C:\Users\Chandan\AppData\Local\Temp\arduino-sketch-4BB877CF7C4ABDF07F22EF02508501B4\libraries\Adafruit_BusIO\Adafruit_BusIO_Register.cpp.o
                0x000812f4                Adafruit_BusIO_Register::Adafruit_BusIO_Register(Adafruit_I2CDevice*, Adafruit_SPIDevice*, _Adafruit_BusIO_SPIRegType, unsigned short, unsigned char, unsigned char, unsigned char)
                0x000812f4                Adafruit_BusIO_Register::Adafruit_BusIO_Register(Adafruit_I2CDevice*, Adafruit_SPIDevice*, _Adafruit_BusIO_SPIRegType, unsigned short, unsigned char, unsigned char, unsigned char)
 .text._ZN23Adafruit_BusIO_Register5writeEPhh
                0x0008131a       0x7c C:\Users\Chandan\AppData\Local\Temp\arduino-sketch-4BB877CF7C4ABDF07F22EF02508501B4\libraries\Adafruit_BusIO\Adafruit_BusIO_Register.cpp.o
                0x0008131a                Adafruit_BusIO_Register::write(unsigned char*, unsigned char)
 .text._ZN23Adafruit_BusIO_Register5writeEmh
                0x00081396       0x38 C:\Users\Chandan\AppData\Local\Temp\arduino-sketch-4BB877CF7C4ABDF07F22EF02508501B4\libraries\Adafruit_BusIO\Adafruit_BusIO_Register.cpp.o
                0x00081396                Adafruit_BusIO_Register::write(unsigned long, unsigned char)
 .text._ZN23Adafruit_BusIO_Register4readEPhh
                0x000813ce       0x7e C:\Users\Chandan\AppData\Local\Temp\arduino-sketch-4BB877CF7C4ABDF07F22EF02508501B4\libraries\Adafruit_BusIO\Adafruit_BusIO_Register.cpp.o
                0x000813ce                Adafruit_BusIO_Register::read(unsigned char*, unsigned char)
 .text._ZN23Adafruit_BusIO_Register4readEv
                0x0008144c       0x3a C:\Users\Chandan\AppData\Local\Temp\arduino-sketch-4BB877CF7C4ABDF07F22EF02508501B4\libraries\Adafruit_BusIO\Adafruit_BusIO_Register.cpp.o
                0x0008144c                Adafruit_BusIO_Register::read()
 .text._ZN27Adafruit_BusIO_RegisterBitsC2EP23Adafruit_BusIO_Registerhh
                0x00081486        0xa C:\Users\Chandan\AppData\Local\Temp\arduino-sketch-4BB877CF7C4ABDF07F22EF02508501B4\libraries\Adafruit_BusIO\Adafruit_BusIO_Register.cpp.o
                0x00081486                Adafruit_BusIO_RegisterBits::Adafruit_BusIO_RegisterBits(Adafruit_BusIO_Register*, unsigned char, unsigned char)
                0x00081486                Adafruit_BusIO_RegisterBits::Adafruit_BusIO_RegisterBits(Adafruit_BusIO_Register*, unsigned char, unsigned char)
 .text._ZN27Adafruit_BusIO_RegisterBits4readEv
                0x00081490       0x1a C:\Users\Chandan\AppData\Local\Temp\arduino-sketch-4BB877CF7C4ABDF07F22EF02508501B4\libraries\Adafruit_BusIO\Adafruit_BusIO_Register.cpp.o
                0x00081490                Adafruit_BusIO_RegisterBits::read()
 .text._ZN27Adafruit_BusIO_RegisterBits5writeEm
                0x000814aa       0x32 C:\Users\Chandan\AppData\Local\Temp\arduino-sketch-4BB877CF7C4ABDF07F22EF02508501B4\libraries\Adafruit_BusIO\Adafruit_BusIO_Register.cpp.o
                0x000814aa                Adafruit_BusIO_RegisterBits::write(unsigned long)
 .text._ZN18Adafruit_I2CDeviceC2EhP7TwoWire
                0x000814dc        0xe C:\Users\Chandan\AppData\Local\Temp\arduino-sketch-4BB877CF7C4ABDF07F22EF02508501B4\libraries\Adafruit_BusIO\Adafruit_I2CDevice.cpp.o
                0x000814dc                Adafruit_I2CDevice::Adafruit_I2CDevice(unsigned char, TwoWire*)
                0x000814dc                Adafruit_I2CDevice::Adafruit_I2CDevice(unsigned char, TwoWire*)
 .text._ZN18Adafruit_I2CDevice8detectedEv
                0x000814ea       0x28 C:\Users\Chandan\AppData\Local\Temp\arduino-sketch-4BB877CF7C4ABDF07F22EF02508501B4\libraries\Adafruit_BusIO\Adafruit_I2CDevice.cpp.o
                0x000814ea                Adafruit_I2CDevice::detected()
 .text._ZN18Adafruit_I2CDevice5beginEb
                0x00081512       0x1e C:\Users\Chandan\AppData\Local\Temp\arduino-sketch-4BB877CF7C4ABDF07F22EF02508501B4\libraries\Adafruit_BusIO\Adafruit_I2CDevice.cpp.o
                0x00081512                Adafruit_I2CDevice::begin(bool)
 .text._ZN18Adafruit_I2CDevice5writeEPKhjbS1_j
                0x00081530       0x62 C:\Users\Chandan\AppData\Local\Temp\arduino-sketch-4BB877CF7C4ABDF07F22EF02508501B4\libraries\Adafruit_BusIO\Adafruit_I2CDevice.cpp.o
                0x00081530                Adafruit_I2CDevice::write(unsigned char const*, unsigned int, bool, unsigned char const*, unsigned int)
 .text._ZN18Adafruit_I2CDevice5_readEPhjb
                0x00081592       0x40 C:\Users\Chandan\AppData\Local\Temp\arduino-sketch-4BB877CF7C4ABDF07F22EF02508501B4\libraries\Adafruit_BusIO\Adafruit_I2CDevice.cpp.o
                0x00081592                Adafruit_I2CDevice::_read(unsigned char*, unsigned int, bool)
 .text._ZN18Adafruit_I2CDevice4readEPhjb
                0x000815d2       0x3e C:\Users\Chandan\AppData\Local\Temp\arduino-sketch-4BB877CF7C4ABDF07F22EF02508501B4\libraries\Adafruit_BusIO\Adafruit_I2CDevice.cpp.o
                0x000815d2                Adafruit_I2CDevice::read(unsigned char*, unsigned int, bool)
 .text._ZN18Adafruit_I2CDevice15write_then_readEPKhjPhjb
                0x00081610       0x2e C:\Users\Chandan\AppData\Local\Temp\arduino-sketch-4BB877CF7C4ABDF07F22EF02508501B4\libraries\Adafruit_BusIO\Adafruit_I2CDevice.cpp.o
                0x00081610                Adafruit_I2CDevice::write_then_read(unsigned char const*, unsigned int, unsigned char*, unsigned int, bool)
 *fill*         0x0008163e        0x2 
 .text._ZN18Adafruit_SPIDevice8transferEPhj
                0x00081640      0x178 C:\Users\Chandan\AppData\Local\Temp\arduino-sketch-4BB877CF7C4ABDF07F22EF02508501B4\libraries\Adafruit_BusIO\Adafruit_SPIDevice.cpp.o
                0x00081640                Adafruit_SPIDevice::transfer(unsigned char*, unsigned int)
 .text._ZN18Adafruit_SPIDevice8transferEh
                0x000817b8       0x1a C:\Users\Chandan\AppData\Local\Temp\arduino-sketch-4BB877CF7C4ABDF07F22EF02508501B4\libraries\Adafruit_BusIO\Adafruit_SPIDevice.cpp.o
                0x000817b8                Adafruit_SPIDevice::transfer(unsigned char)
 .text._ZN18Adafruit_SPIDevice16beginTransactionEv
                0x000817d2       0x20 C:\Users\Chandan\AppData\Local\Temp\arduino-sketch-4BB877CF7C4ABDF07F22EF02508501B4\libraries\Adafruit_BusIO\Adafruit_SPIDevice.cpp.o
                0x000817d2                Adafruit_SPIDevice::beginTransaction()
 .text._ZN18Adafruit_SPIDevice14endTransactionEv
                0x000817f2        0xa C:\Users\Chandan\AppData\Local\Temp\arduino-sketch-4BB877CF7C4ABDF07F22EF02508501B4\libraries\Adafruit_BusIO\Adafruit_SPIDevice.cpp.o
                0x000817f2                Adafruit_SPIDevice::endTransaction()
 .text._ZN18Adafruit_SPIDevice13setChipSelectEi
                0x000817fc        0xe C:\Users\Chandan\AppData\Local\Temp\arduino-sketch-4BB877CF7C4ABDF07F22EF02508501B4\libraries\Adafruit_BusIO\Adafruit_SPIDevice.cpp.o
                0x000817fc                Adafruit_SPIDevice::setChipSelect(int)
 .text._ZN18Adafruit_SPIDevice31beginTransactionWithAssertingCSEv
                0x0008180a       0x14 C:\Users\Chandan\AppData\Local\Temp\arduino-sketch-4BB877CF7C4ABDF07F22EF02508501B4\libraries\Adafruit_BusIO\Adafruit_SPIDevice.cpp.o
                0x0008180a                Adafruit_SPIDevice::beginTransactionWithAssertingCS()
 .text._ZN18Adafruit_SPIDevice31endTransactionWithDeassertingCSEv
                0x0008181e       0x14 C:\Users\Chandan\AppData\Local\Temp\arduino-sketch-4BB877CF7C4ABDF07F22EF02508501B4\libraries\Adafruit_BusIO\Adafruit_SPIDevice.cpp.o
                0x0008181e                Adafruit_SPIDevice::endTransactionWithDeassertingCS()
 .text._ZN18Adafruit_SPIDevice5writeEPKhjS1_j
                0x00081832       0x42 C:\Users\Chandan\AppData\Local\Temp\arduino-sketch-4BB877CF7C4ABDF07F22EF02508501B4\libraries\Adafruit_BusIO\Adafruit_SPIDevice.cpp.o
                0x00081832                Adafruit_SPIDevice::write(unsigned char const*, unsigned int, unsigned char const*, unsigned int)
 .text._ZN18Adafruit_SPIDevice15write_then_readEPKhjPhjh
                0x00081874       0x46 C:\Users\Chandan\AppData\Local\Temp\arduino-sketch-4BB877CF7C4ABDF07F22EF02508501B4\libraries\Adafruit_BusIO\Adafruit_SPIDevice.cpp.o
                0x00081874                Adafruit_SPIDevice::write_then_read(unsigned char const*, unsigned int, unsigned char*, unsigned int, unsigned char)
 .text._ZN7TwoWire5writeEPKhj
                0x000818ba       0x50 C:\Users\Chandan\AppData\Local\Temp\arduino-sketch-4BB877CF7C4ABDF07F22EF02508501B4\libraries\Wire\Wire.cpp.o
                0x000818ba                TwoWire::write(unsigned char const*, unsigned int)
 .text._ZN7TwoWire9availableEv
                0x0008190a        0xc C:\Users\Chandan\AppData\Local\Temp\arduino-sketch-4BB877CF7C4ABDF07F22EF02508501B4\libraries\Wire\Wire.cpp.o
                0x0008190a                TwoWire::available()
 .text._ZN7TwoWire4readEv
                0x00081916       0x1e C:\Users\Chandan\AppData\Local\Temp\arduino-sketch-4BB877CF7C4ABDF07F22EF02508501B4\libraries\Wire\Wire.cpp.o
                0x00081916                TwoWire::read()
 .text._ZN7TwoWire4peekEv
                0x00081934       0x16 C:\Users\Chandan\AppData\Local\Temp\arduino-sketch-4BB877CF7C4ABDF07F22EF02508501B4\libraries\Wire\Wire.cpp.o
                0x00081934                TwoWire::peek()
 .text._ZN7TwoWire5flushEv
                0x0008194a        0x2 C:\Users\Chandan\AppData\Local\Temp\arduino-sketch-4BB877CF7C4ABDF07F22EF02508501B4\libraries\Wire\Wire.cpp.o
                0x0008194a                TwoWire::flush()
 .text._ZN7TwoWire5writeEh
                0x0008194c       0x3a C:\Users\Chandan\AppData\Local\Temp\arduino-sketch-4BB877CF7C4ABDF07F22EF02508501B4\libraries\Wire\Wire.cpp.o
                0x0008194c                TwoWire::write(unsigned char)
 *fill*         0x00081986        0x2 
 .text._ZL16TWI_WaitByteSentP3Twim.constprop.3
                0x00081988       0x2c C:\Users\Chandan\AppData\Local\Temp\arduino-sketch-4BB877CF7C4ABDF07F22EF02508501B4\libraries\Wire\Wire.cpp.o
 .text._ZL24TWI_WaitTransferCompleteP3Twim.constprop.4
                0x000819b4       0x2c C:\Users\Chandan\AppData\Local\Temp\arduino-sketch-4BB877CF7C4ABDF07F22EF02508501B4\libraries\Wire\Wire.cpp.o
 .text._ZL9Wire_Initv
                0x000819e0       0x54 C:\Users\Chandan\AppData\Local\Temp\arduino-sketch-4BB877CF7C4ABDF07F22EF02508501B4\libraries\Wire\Wire.cpp.o
 .text._ZL12Wire1_Deinitv
                0x00081a34       0x18 C:\Users\Chandan\AppData\Local\Temp\arduino-sketch-4BB877CF7C4ABDF07F22EF02508501B4\libraries\Wire\Wire.cpp.o
 .text._ZL11Wire_Deinitv
                0x00081a4c       0x18 C:\Users\Chandan\AppData\Local\Temp\arduino-sketch-4BB877CF7C4ABDF07F22EF02508501B4\libraries\Wire\Wire.cpp.o
 .text._ZL10Wire1_Initv
                0x00081a64       0x54 C:\Users\Chandan\AppData\Local\Temp\arduino-sketch-4BB877CF7C4ABDF07F22EF02508501B4\libraries\Wire\Wire.cpp.o
 .text._ZN7TwoWireC2EP3TwiPFvvES3_
                0x00081ab8       0x48 C:\Users\Chandan\AppData\Local\Temp\arduino-sketch-4BB877CF7C4ABDF07F22EF02508501B4\libraries\Wire\Wire.cpp.o
                0x00081ab8                TwoWire::TwoWire(Twi*, void (*)(), void (*)())
                0x00081ab8                TwoWire::TwoWire(Twi*, void (*)(), void (*)())
 .text._ZN7TwoWire5beginEv
                0x00081b00       0x30 C:\Users\Chandan\AppData\Local\Temp\arduino-sketch-4BB877CF7C4ABDF07F22EF02508501B4\libraries\Wire\Wire.cpp.o
                0x00081b00                TwoWire::begin()
 .text._ZN7TwoWire11requestFromEhhmhh
                0x00081b30       0x78 C:\Users\Chandan\AppData\Local\Temp\arduino-sketch-4BB877CF7C4ABDF07F22EF02508501B4\libraries\Wire\Wire.cpp.o
                0x00081b30                TwoWire::requestFrom(unsigned char, unsigned char, unsigned long, unsigned char, unsigned char)
 .text._ZN7TwoWire11requestFromEhhh
                0x00081ba8       0x12 C:\Users\Chandan\AppData\Local\Temp\arduino-sketch-4BB877CF7C4ABDF07F22EF02508501B4\libraries\Wire\Wire.cpp.o
                0x00081ba8                TwoWire::requestFrom(unsigned char, unsigned char, unsigned char)
 .text._ZN7TwoWire17beginTransmissionEh
                0x00081bba       0x12 C:\Users\Chandan\AppData\Local\Temp\arduino-sketch-4BB877CF7C4ABDF07F22EF02508501B4\libraries\Wire\Wire.cpp.o
                0x00081bba                TwoWire::beginTransmission(unsigned char)
 .text._ZN7TwoWire15endTransmissionEh
                0x00081bcc       0x82 C:\Users\Chandan\AppData\Local\Temp\arduino-sketch-4BB877CF7C4ABDF07F22EF02508501B4\libraries\Wire\Wire.cpp.o
                0x00081bcc                TwoWire::endTransmission(unsigned char)
 .text._ZN7TwoWire15endTransmissionEv
                0x00081c4e        0x6 C:\Users\Chandan\AppData\Local\Temp\arduino-sketch-4BB877CF7C4ABDF07F22EF02508501B4\libraries\Wire\Wire.cpp.o
                0x00081c4e                TwoWire::endTransmission()
 .text._ZN7TwoWire9onServiceEv
                0x00081c54      0x118 C:\Users\Chandan\AppData\Local\Temp\arduino-sketch-4BB877CF7C4ABDF07F22EF02508501B4\libraries\Wire\Wire.cpp.o
                0x00081c54                TwoWire::onService()
 .text.TWI1_Handler
                0x00081d6c        0xc C:\Users\Chandan\AppData\Local\Temp\arduino-sketch-4BB877CF7C4ABDF07F22EF02508501B4\libraries\Wire\Wire.cpp.o
                0x00081d6c                TWI1_Handler
 .text.TWI0_Handler
                0x00081d78        0xc C:\Users\Chandan\AppData\Local\Temp\arduino-sketch-4BB877CF7C4ABDF07F22EF02508501B4\libraries\Wire\Wire.cpp.o
                0x00081d78                TWI0_Handler
 .text.startup._GLOBAL__sub_I__ZN7TwoWireC2EP3TwiPFvvES3_
                0x00081d84       0x40 C:\Users\Chandan\AppData\Local\Temp\arduino-sketch-4BB877CF7C4ABDF07F22EF02508501B4\libraries\Wire\Wire.cpp.o
 .text._ZL10SPI_0_Initv
                0x00081dc4       0x48 C:\Users\Chandan\AppData\Local\Temp\arduino-sketch-4BB877CF7C4ABDF07F22EF02508501B4\libraries\SPI\SPI.cpp.o
 .text._ZN8SPIClass16beginTransactionEh11SPISettings
                0x00081e0c       0x98 C:\Users\Chandan\AppData\Local\Temp\arduino-sketch-4BB877CF7C4ABDF07F22EF02508501B4\libraries\SPI\SPI.cpp.o
                0x00081e0c                SPIClass::beginTransaction(unsigned char, SPISettings)
 .text._ZN8SPIClass14endTransactionEv
                0x00081ea4       0x50 C:\Users\Chandan\AppData\Local\Temp\arduino-sketch-4BB877CF7C4ABDF07F22EF02508501B4\libraries\SPI\SPI.cpp.o
                0x00081ea4                SPIClass::endTransaction()
 .text._ZN8SPIClass8transferEhh15SPITransferMode
                0x00081ef4       0x5e C:\Users\Chandan\AppData\Local\Temp\arduino-sketch-4BB877CF7C4ABDF07F22EF02508501B4\libraries\SPI\SPI.cpp.o
                0x00081ef4                SPIClass::transfer(unsigned char, unsigned char, SPITransferMode)
 .text._ZN8SPIClass8transferEhPvj15SPITransferMode
                0x00081f52       0xe2 C:\Users\Chandan\AppData\Local\Temp\arduino-sketch-4BB877CF7C4ABDF07F22EF02508501B4\libraries\SPI\SPI.cpp.o
                0x00081f52                SPIClass::transfer(unsigned char, void*, unsigned int, SPITransferMode)
 .text.startup._GLOBAL__sub_I__ZN8SPIClassC2EP3SpimPFvvE
                0x00082034       0x24 C:\Users\Chandan\AppData\Local\Temp\arduino-sketch-4BB877CF7C4ABDF07F22EF02508501B4\libraries\SPI\SPI.cpp.o
 .text._Z11serialEventv
                0x00082058        0x2 C:\Users\Chandan\AppData\Local\Temp\arduino-sketch-4BB877CF7C4ABDF07F22EF02508501B4\core\variant.cpp.o
                0x00082058                serialEvent()
 *fill*         0x0008205a        0x2 
 .text.UART_Handler
                0x0008205c        0xc C:\Users\Chandan\AppData\Local\Temp\arduino-sketch-4BB877CF7C4ABDF07F22EF02508501B4\core\variant.cpp.o
                0x0008205c                UART_Handler
 .text._Z12serialEvent1v
                0x00082068        0x2 C:\Users\Chandan\AppData\Local\Temp\arduino-sketch-4BB877CF7C4ABDF07F22EF02508501B4\core\variant.cpp.o
                0x00082068                serialEvent1()
 .text._Z12serialEvent2v
                0x0008206a        0x2 C:\Users\Chandan\AppData\Local\Temp\arduino-sketch-4BB877CF7C4ABDF07F22EF02508501B4\core\variant.cpp.o
                0x0008206a                serialEvent2()
 .text._Z12serialEvent3v
                0x0008206c        0x2 C:\Users\Chandan\AppData\Local\Temp\arduino-sketch-4BB877CF7C4ABDF07F22EF02508501B4\core\variant.cpp.o
                0x0008206c                serialEvent3()
 *fill*         0x0008206e        0x2 
 .text.USART0_Handler
                0x00082070        0xc C:\Users\Chandan\AppData\Local\Temp\arduino-sketch-4BB877CF7C4ABDF07F22EF02508501B4\core\variant.cpp.o
                0x00082070                USART0_Handler
 .text.USART1_Handler
                0x0008207c        0xc C:\Users\Chandan\AppData\Local\Temp\arduino-sketch-4BB877CF7C4ABDF07F22EF02508501B4\core\variant.cpp.o
                0x0008207c                USART1_Handler
 .text.USART3_Handler
                0x00082088        0xc C:\Users\Chandan\AppData\Local\Temp\arduino-sketch-4BB877CF7C4ABDF07F22EF02508501B4\core\variant.cpp.o
                0x00082088                USART3_Handler
 .text.init     0x00082094      0x128 C:\Users\Chandan\AppData\Local\Temp\arduino-sketch-4BB877CF7C4ABDF07F22EF02508501B4\core\variant.cpp.o
                0x00082094                init
 .text.startup._GLOBAL__sub_I_g_APinDescription
                0x000821bc       0xd4 C:\Users\Chandan\AppData\Local\Temp\arduino-sketch-4BB877CF7C4ABDF07F22EF02508501B4\core\variant.cpp.o
 .text._Z14serialEventRunv
                0x00082290       0x44 C:\Users\Chandan\AppData\Local\Temp\arduino-sketch-4BB877CF7C4ABDF07F22EF02508501B4\core\variant.cpp.o
                0x00082290                serialEventRun()
 .text.PIO_PullUp
                0x000822d4        0xa C:\Users\Chandan\AppData\Local\Arduino15\packages\arduino\hardware\sam\1.6.12\variants\arduino_due_x/libsam_sam3x8e_gcc_rel.a(pio.o)
                0x000822d4                PIO_PullUp
 .text.PIO_SetPeripheral
                0x000822de       0x26 C:\Users\Chandan\AppData\Local\Arduino15\packages\arduino\hardware\sam\1.6.12\variants\arduino_due_x/libsam_sam3x8e_gcc_rel.a(pio.o)
                0x000822de                PIO_SetPeripheral
 .text.PIO_SetInput
                0x00082304       0x26 C:\Users\Chandan\AppData\Local\Arduino15\packages\arduino\hardware\sam\1.6.12\variants\arduino_due_x/libsam_sam3x8e_gcc_rel.a(pio.o)
                0x00082304                PIO_SetInput
 .text.PIO_SetOutput
                0x0008232a       0x24 C:\Users\Chandan\AppData\Local\Arduino15\packages\arduino\hardware\sam\1.6.12\variants\arduino_due_x/libsam_sam3x8e_gcc_rel.a(pio.o)
                0x0008232a                PIO_SetOutput
 *fill*         0x0008234e        0x2 
 .text.PIO_Configure
                0x00082350       0x64 C:\Users\Chandan\AppData\Local\Arduino15\packages\arduino\hardware\sam\1.6.12\variants\arduino_due_x/libsam_sam3x8e_gcc_rel.a(pio.o)
                0x00082350                PIO_Configure
 .text.PIO_GetOutputDataStatus
                0x000823b4       0x14 C:\Users\Chandan\AppData\Local\Arduino15\packages\arduino\hardware\sam\1.6.12\variants\arduino_due_x/libsam_sam3x8e_gcc_rel.a(pio.o)
                0x000823b4                PIO_GetOutputDataStatus
 .text.pmc_enable_upll_clock
                0x000823c8       0x14 C:\Users\Chandan\AppData\Local\Arduino15\packages\arduino\hardware\sam\1.6.12\variants\arduino_due_x/libsam_sam3x8e_gcc_rel.a(pmc.o)
                0x000823c8                pmc_enable_upll_clock
 .text.pmc_enable_periph_clk
                0x000823dc       0x44 C:\Users\Chandan\AppData\Local\Arduino15\packages\arduino\hardware\sam\1.6.12\variants\arduino_due_x/libsam_sam3x8e_gcc_rel.a(pmc.o)
                0x000823dc                pmc_enable_periph_clk
 .text.pmc_disable_periph_clk
                0x00082420       0x40 C:\Users\Chandan\AppData\Local\Arduino15\packages\arduino\hardware\sam\1.6.12\variants\arduino_due_x/libsam_sam3x8e_gcc_rel.a(pmc.o)
                0x00082420                pmc_disable_periph_clk
 .text.pmc_switch_udpck_to_upllck
                0x00082460       0x14 C:\Users\Chandan\AppData\Local\Arduino15\packages\arduino\hardware\sam\1.6.12\variants\arduino_due_x/libsam_sam3x8e_gcc_rel.a(pmc.o)
                0x00082460                pmc_switch_udpck_to_upllck
 .text.pmc_enable_udpck
                0x00082474        0xc C:\Users\Chandan\AppData\Local\Arduino15\packages\arduino\hardware\sam\1.6.12\variants\arduino_due_x/libsam_sam3x8e_gcc_rel.a(pmc.o)
                0x00082474                pmc_enable_udpck
 .text.SPI_ConfigureNPCS
                0x00082480        0x8 C:\Users\Chandan\AppData\Local\Arduino15\packages\arduino\hardware\sam\1.6.12\variants\arduino_due_x/libsam_sam3x8e_gcc_rel.a(spi.o)
                0x00082480                SPI_ConfigureNPCS
 .text.TWI_SetClock
                0x00082488       0x58 C:\Users\Chandan\AppData\Local\Arduino15\packages\arduino\hardware\sam\1.6.12\variants\arduino_due_x/libsam_sam3x8e_gcc_rel.a(twi.o)
                0x00082488                TWI_SetClock
 .text.TWI_Disable
                0x000824e0       0x2c C:\Users\Chandan\AppData\Local\Arduino15\packages\arduino\hardware\sam\1.6.12\variants\arduino_due_x/libsam_sam3x8e_gcc_rel.a(twi.o)
                0x000824e0                TWI_Disable
 .text.TWI_ConfigureMaster
                0x0008250c       0x48 C:\Users\Chandan\AppData\Local\Arduino15\packages\arduino\hardware\sam\1.6.12\variants\arduino_due_x/libsam_sam3x8e_gcc_rel.a(twi.o)
                0x0008250c                TWI_ConfigureMaster
 .text.TWI_Stop
                0x00082554       0x28 C:\Users\Chandan\AppData\Local\Arduino15\packages\arduino\hardware\sam\1.6.12\variants\arduino_due_x/libsam_sam3x8e_gcc_rel.a(twi.o)
                0x00082554                TWI_Stop
 .text.TWI_StartRead
                0x0008257c       0x70 C:\Users\Chandan\AppData\Local\Arduino15\packages\arduino\hardware\sam\1.6.12\variants\arduino_due_x/libsam_sam3x8e_gcc_rel.a(twi.o)
                0x0008257c                TWI_StartRead
 .text.TWI_ReadByte
                0x000825ec       0x28 C:\Users\Chandan\AppData\Local\Arduino15\packages\arduino\hardware\sam\1.6.12\variants\arduino_due_x/libsam_sam3x8e_gcc_rel.a(twi.o)
                0x000825ec                TWI_ReadByte
 .text.TWI_WriteByte
                0x00082614       0x24 C:\Users\Chandan\AppData\Local\Arduino15\packages\arduino\hardware\sam\1.6.12\variants\arduino_due_x/libsam_sam3x8e_gcc_rel.a(twi.o)
                0x00082614                TWI_WriteByte
 .text.TWI_StartWrite
                0x00082638       0x7c C:\Users\Chandan\AppData\Local\Arduino15\packages\arduino\hardware\sam\1.6.12\variants\arduino_due_x/libsam_sam3x8e_gcc_rel.a(twi.o)
                0x00082638                TWI_StartWrite
 .text.TWI_EnableIt
                0x000826b4       0x40 C:\Users\Chandan\AppData\Local\Arduino15\packages\arduino\hardware\sam\1.6.12\variants\arduino_due_x/libsam_sam3x8e_gcc_rel.a(twi.o)
                0x000826b4                TWI_EnableIt
 .text.TWI_DisableIt
                0x000826f4       0x40 C:\Users\Chandan\AppData\Local\Arduino15\packages\arduino\hardware\sam\1.6.12\variants\arduino_due_x/libsam_sam3x8e_gcc_rel.a(twi.o)
                0x000826f4                TWI_DisableIt
 .text.TWI_GetStatus
                0x00082734       0x28 C:\Users\Chandan\AppData\Local\Arduino15\packages\arduino\hardware\sam\1.6.12\variants\arduino_due_x/libsam_sam3x8e_gcc_rel.a(twi.o)
                0x00082734                TWI_GetStatus
 .text.TWI_SendSTOPCondition
                0x0008275c       0x2c C:\Users\Chandan\AppData\Local\Arduino15\packages\arduino\hardware\sam\1.6.12\variants\arduino_due_x/libsam_sam3x8e_gcc_rel.a(twi.o)
                0x0008275c                TWI_SendSTOPCondition
 .text.SystemInit
                0x00082788       0x88 C:\Users\Chandan\AppData\Local\Arduino15\packages\arduino\hardware\sam\1.6.12\variants\arduino_due_x/libsam_sam3x8e_gcc_rel.a(system_sam3xa.o)
                0x00082788                SystemInit
 .text.Reset_Handler
                0x00082810       0x78 C:\Users\Chandan\AppData\Local\Arduino15\packages\arduino\hardware\sam\1.6.12\variants\arduino_due_x/libsam_sam3x8e_gcc_rel.a(startup_sam3xa.o)
                0x00082810                Reset_Handler
 .text.adc_init
                0x00082888       0x98 C:\Users\Chandan\AppData\Local\Arduino15\packages\arduino\hardware\sam\1.6.12\variants\arduino_due_x/libsam_sam3x8e_gcc_rel.a(adc.o)
                0x00082888                adc_init
 .text.adc_configure_trigger
                0x00082920        0xe C:\Users\Chandan\AppData\Local\Arduino15\packages\arduino\hardware\sam\1.6.12\variants\arduino_due_x/libsam_sam3x8e_gcc_rel.a(adc.o)
                0x00082920                adc_configure_trigger
 .text.adc_configure_timing
                0x0008292e       0x1a C:\Users\Chandan\AppData\Local\Arduino15\packages\arduino\hardware\sam\1.6.12\variants\arduino_due_x/libsam_sam3x8e_gcc_rel.a(adc.o)
                0x0008292e                adc_configure_timing
 .text.adc_disable_channel
                0x00082948        0xa C:\Users\Chandan\AppData\Local\Arduino15\packages\arduino\hardware\sam\1.6.12\variants\arduino_due_x/libsam_sam3x8e_gcc_rel.a(adc.o)
                0x00082948                adc_disable_channel
 .text.adc_disable_all_channel
                0x00082952        0x8 C:\Users\Chandan\AppData\Local\Arduino15\packages\arduino\hardware\sam\1.6.12\variants\arduino_due_x/libsam_sam3x8e_gcc_rel.a(adc.o)
                0x00082952                adc_disable_all_channel
 .text.adc_disable_interrupt
                0x0008295a        0x4 C:\Users\Chandan\AppData\Local\Arduino15\packages\arduino\hardware\sam\1.6.12\variants\arduino_due_x/libsam_sam3x8e_gcc_rel.a(adc.o)
                0x0008295a                adc_disable_interrupt
 *fill*         0x0008295e        0x2 
 .text.UOTGHS_Handler
                0x00082960       0x10 C:\Users\Chandan\AppData\Local\Arduino15\packages\arduino\hardware\sam\1.6.12\variants\arduino_due_x/libsam_sam3x8e_gcc_rel.a(uotghs.o)
                0x00082960                UOTGHS_Handler
 .text._ZN5Print5writeEPKhj
                0x00082970       0x22 C:\Users\Chandan\AppData\Local\Temp\arduino-sketch-4BB877CF7C4ABDF07F22EF02508501B4/..\arduino-core-cache\core_arduino_sam_arduino_due_x_dbg_30f019762e8cfeac4e88b04ff2e5748c.a(Print.cpp.o)
                0x00082970                Print::write(unsigned char const*, unsigned int)
 .text._ZN5Print5printEmi.part.3
                0x00082992        0xc C:\Users\Chandan\AppData\Local\Temp\arduino-sketch-4BB877CF7C4ABDF07F22EF02508501B4/..\arduino-core-cache\core_arduino_sam_arduino_due_x_dbg_30f019762e8cfeac4e88b04ff2e5748c.a(Print.cpp.o)
 .text._ZN5Print5writeEPKc
                0x0008299e       0x1e C:\Users\Chandan\AppData\Local\Temp\arduino-sketch-4BB877CF7C4ABDF07F22EF02508501B4/..\arduino-core-cache\core_arduino_sam_arduino_due_x_dbg_30f019762e8cfeac4e88b04ff2e5748c.a(Print.cpp.o)
                0x0008299e                Print::write(char const*)
 .text._ZN5Print5printEPKc
                0x000829bc        0x8 C:\Users\Chandan\AppData\Local\Temp\arduino-sketch-4BB877CF7C4ABDF07F22EF02508501B4/..\arduino-core-cache\core_arduino_sam_arduino_due_x_dbg_30f019762e8cfeac4e88b04ff2e5748c.a(Print.cpp.o)
                0x000829bc                Print::print(char const*)
 .text._ZN5Print5printEc
                0x000829c4        0xa C:\Users\Chandan\AppData\Local\Temp\arduino-sketch-4BB877CF7C4ABDF07F22EF02508501B4/..\arduino-core-cache\core_arduino_sam_arduino_due_x_dbg_30f019762e8cfeac4e88b04ff2e5748c.a(Print.cpp.o)
                0x000829c4                Print::print(char)
 *fill*         0x000829ce        0x2 
 .text._ZN5Print7printlnEv
                0x000829d0       0x10 C:\Users\Chandan\AppData\Local\Temp\arduino-sketch-4BB877CF7C4ABDF07F22EF02508501B4/..\arduino-core-cache\core_arduino_sam_arduino_due_x_dbg_30f019762e8cfeac4e88b04ff2e5748c.a(Print.cpp.o)
                0x000829d0                Print::println()
 .text._ZN5Print7printlnEPKc
                0x000829e0       0x14 C:\Users\Chandan\AppData\Local\Temp\arduino-sketch-4BB877CF7C4ABDF07F22EF02508501B4/..\arduino-core-cache\core_arduino_sam_arduino_due_x_dbg_30f019762e8cfeac4e88b04ff2e5748c.a(Print.cpp.o)
                0x000829e0                Print::println(char const*)
 .text._ZN5Print11printNumberEmh
                0x000829f4       0x3e C:\Users\Chandan\AppData\Local\Temp\arduino-sketch-4BB877CF7C4ABDF07F22EF02508501B4/..\arduino-core-cache\core_arduino_sam_arduino_due_x_dbg_30f019762e8cfeac4e88b04ff2e5748c.a(Print.cpp.o)
                0x000829f4                Print::printNumber(unsigned long, unsigned char)
 .text._ZN5Print5printEli
                0x00082a32       0x3c C:\Users\Chandan\AppData\Local\Temp\arduino-sketch-4BB877CF7C4ABDF07F22EF02508501B4/..\arduino-core-cache\core_arduino_sam_arduino_due_x_dbg_30f019762e8cfeac4e88b04ff2e5748c.a(Print.cpp.o)
                0x00082a32                Print::print(long, int)
 .text._ZN5Print7printlnEii
                0x00082a6e       0x14 C:\Users\Chandan\AppData\Local\Temp\arduino-sketch-4BB877CF7C4ABDF07F22EF02508501B4/..\arduino-core-cache\core_arduino_sam_arduino_due_x_dbg_30f019762e8cfeac4e88b04ff2e5748c.a(Print.cpp.o)
                0x00082a6e                Print::println(int, int)
 .text._ZN5Print5printEmi
                0x00082a82        0xc C:\Users\Chandan\AppData\Local\Temp\arduino-sketch-4BB877CF7C4ABDF07F22EF02508501B4/..\arduino-core-cache\core_arduino_sam_arduino_due_x_dbg_30f019762e8cfeac4e88b04ff2e5748c.a(Print.cpp.o)
                0x00082a82                Print::print(unsigned long, int)
 .text._ZN5Print7printlnEhi
                0x00082a8e       0x14 C:\Users\Chandan\AppData\Local\Temp\arduino-sketch-4BB877CF7C4ABDF07F22EF02508501B4/..\arduino-core-cache\core_arduino_sam_arduino_due_x_dbg_30f019762e8cfeac4e88b04ff2e5748c.a(Print.cpp.o)
                0x00082a8e                Print::println(unsigned char, int)
 *fill*         0x00082aa2        0x2 
 .text._ZN5Print10printFloatEdh
                0x00082aa4      0x148 C:\Users\Chandan\AppData\Local\Temp\arduino-sketch-4BB877CF7C4ABDF07F22EF02508501B4/..\arduino-core-cache\core_arduino_sam_arduino_due_x_dbg_30f019762e8cfeac4e88b04ff2e5748c.a(Print.cpp.o)
                0x00082aa4                Print::printFloat(double, unsigned char)
 .text._ZN5Print5printEdi
                0x00082bec        0xa C:\Users\Chandan\AppData\Local\Temp\arduino-sketch-4BB877CF7C4ABDF07F22EF02508501B4/..\arduino-core-cache\core_arduino_sam_arduino_due_x_dbg_30f019762e8cfeac4e88b04ff2e5748c.a(Print.cpp.o)
                0x00082bec                Print::print(double, int)
 .text._ZN5Print7printlnEdi
                0x00082bf6       0x1c C:\Users\Chandan\AppData\Local\Temp\arduino-sketch-4BB877CF7C4ABDF07F22EF02508501B4/..\arduino-core-cache\core_arduino_sam_arduino_due_x_dbg_30f019762e8cfeac4e88b04ff2e5748c.a(Print.cpp.o)
                0x00082bf6                Print::println(double, int)
 .text._ZN10RingBufferC2Ev
                0x00082c12       0x1a C:\Users\Chandan\AppData\Local\Temp\arduino-sketch-4BB877CF7C4ABDF07F22EF02508501B4/..\arduino-core-cache\core_arduino_sam_arduino_due_x_dbg_30f019762e8cfeac4e88b04ff2e5748c.a(RingBuffer.cpp.o)
                0x00082c12                RingBuffer::RingBuffer()
                0x00082c12                RingBuffer::RingBuffer()
 .text._ZN10RingBuffer10store_charEh
                0x00082c2c       0x1e C:\Users\Chandan\AppData\Local\Temp\arduino-sketch-4BB877CF7C4ABDF07F22EF02508501B4/..\arduino-core-cache\core_arduino_sam_arduino_due_x_dbg_30f019762e8cfeac4e88b04ff2e5748c.a(RingBuffer.cpp.o)
                0x00082c2c                RingBuffer::store_char(unsigned char)
 .text._ZN9UARTClasscvbEv
                0x00082c4a        0x4 C:\Users\Chandan\AppData\Local\Temp\arduino-sketch-4BB877CF7C4ABDF07F22EF02508501B4/..\arduino-core-cache\core_arduino_sam_arduino_due_x_dbg_30f019762e8cfeac4e88b04ff2e5748c.a(UARTClass.cpp.o)
                0x00082c4a                UARTClass::operator bool()
 .text._ZN9UARTClass9availableEv
                0x00082c4e       0x12 C:\Users\Chandan\AppData\Local\Temp\arduino-sketch-4BB877CF7C4ABDF07F22EF02508501B4/..\arduino-core-cache\core_arduino_sam_arduino_due_x_dbg_30f019762e8cfeac4e88b04ff2e5748c.a(UARTClass.cpp.o)
                0x00082c4e                UARTClass::available()
 .text._ZN9UARTClass4peekEv
                0x00082c60       0x1c C:\Users\Chandan\AppData\Local\Temp\arduino-sketch-4BB877CF7C4ABDF07F22EF02508501B4/..\arduino-core-cache\core_arduino_sam_arduino_due_x_dbg_30f019762e8cfeac4e88b04ff2e5748c.a(UARTClass.cpp.o)
                0x00082c60                UARTClass::peek()
 .text._ZN9UARTClass4readEv
                0x00082c7c       0x2a C:\Users\Chandan\AppData\Local\Temp\arduino-sketch-4BB877CF7C4ABDF07F22EF02508501B4/..\arduino-core-cache\core_arduino_sam_arduino_due_x_dbg_30f019762e8cfeac4e88b04ff2e5748c.a(UARTClass.cpp.o)
                0x00082c7c                UARTClass::read()
 .text._ZN9UARTClass5flushEv
                0x00082ca6       0x18 C:\Users\Chandan\AppData\Local\Temp\arduino-sketch-4BB877CF7C4ABDF07F22EF02508501B4/..\arduino-core-cache\core_arduino_sam_arduino_due_x_dbg_30f019762e8cfeac4e88b04ff2e5748c.a(UARTClass.cpp.o)
                0x00082ca6                UARTClass::flush()
 *fill*         0x00082cbe        0x2 
 .text._ZN9UARTClass5writeEh
                0x00082cc0       0x54 C:\Users\Chandan\AppData\Local\Temp\arduino-sketch-4BB877CF7C4ABDF07F22EF02508501B4/..\arduino-core-cache\core_arduino_sam_arduino_due_x_dbg_30f019762e8cfeac4e88b04ff2e5748c.a(UARTClass.cpp.o)
                0x00082cc0                UARTClass::write(unsigned char)
 .text._ZN9UARTClass3endEv
                0x00082d14       0x3c C:\Users\Chandan\AppData\Local\Temp\arduino-sketch-4BB877CF7C4ABDF07F22EF02508501B4/..\arduino-core-cache\core_arduino_sam_arduino_due_x_dbg_30f019762e8cfeac4e88b04ff2e5748c.a(UARTClass.cpp.o)
                0x00082d14                UARTClass::end()
 .text._ZN9UARTClassC2EP4Uart4IRQnmP10RingBufferS4_
                0x00082d50       0x24 C:\Users\Chandan\AppData\Local\Temp\arduino-sketch-4BB877CF7C4ABDF07F22EF02508501B4/..\arduino-core-cache\core_arduino_sam_arduino_due_x_dbg_30f019762e8cfeac4e88b04ff2e5748c.a(UARTClass.cpp.o)
                0x00082d50                UARTClass::UARTClass(Uart*, IRQn, unsigned long, RingBuffer*, RingBuffer*)
                0x00082d50                UARTClass::UARTClass(Uart*, IRQn, unsigned long, RingBuffer*, RingBuffer*)
 .text._ZN9UARTClass4initEmm
                0x00082d74       0x70 C:\Users\Chandan\AppData\Local\Temp\arduino-sketch-4BB877CF7C4ABDF07F22EF02508501B4/..\arduino-core-cache\core_arduino_sam_arduino_due_x_dbg_30f019762e8cfeac4e88b04ff2e5748c.a(UARTClass.cpp.o)
                0x00082d74                UARTClass::init(unsigned long, unsigned long)
 .text._ZN9UARTClass5beginEm
                0x00082de4        0x8 C:\Users\Chandan\AppData\Local\Temp\arduino-sketch-4BB877CF7C4ABDF07F22EF02508501B4/..\arduino-core-cache\core_arduino_sam_arduino_due_x_dbg_30f019762e8cfeac4e88b04ff2e5748c.a(UARTClass.cpp.o)
                0x00082de4                UARTClass::begin(unsigned long)
 .text._ZN9UARTClass10IrqHandlerEv
                0x00082dec       0x5a C:\Users\Chandan\AppData\Local\Temp\arduino-sketch-4BB877CF7C4ABDF07F22EF02508501B4/..\arduino-core-cache\core_arduino_sam_arduino_due_x_dbg_30f019762e8cfeac4e88b04ff2e5748c.a(UARTClass.cpp.o)
                0x00082dec                UARTClass::IrqHandler()
 .text._ZN10USARTClass5beginEm
                0x00082e46        0x8 C:\Users\Chandan\AppData\Local\Temp\arduino-sketch-4BB877CF7C4ABDF07F22EF02508501B4/..\arduino-core-cache\core_arduino_sam_arduino_due_x_dbg_30f019762e8cfeac4e88b04ff2e5748c.a(USARTClass.cpp.o)
                0x00082e46                USARTClass::begin(unsigned long)
 *fill*         0x00082e4e        0x2 
 .text._ZN10USARTClassC2EP5Usart4IRQnmP10RingBufferS4_
                0x00082e50       0x24 C:\Users\Chandan\AppData\Local\Temp\arduino-sketch-4BB877CF7C4ABDF07F22EF02508501B4/..\arduino-core-cache\core_arduino_sam_arduino_due_x_dbg_30f019762e8cfeac4e88b04ff2e5748c.a(USARTClass.cpp.o)
                0x00082e50                USARTClass::USARTClass(Usart*, IRQn, unsigned long, RingBuffer*, RingBuffer*)
                0x00082e50                USARTClass::USARTClass(Usart*, IRQn, unsigned long, RingBuffer*, RingBuffer*)
 .text.PIOA_Handler
                0x00082e74       0x38 C:\Users\Chandan\AppData\Local\Temp\arduino-sketch-4BB877CF7C4ABDF07F22EF02508501B4/..\arduino-core-cache\core_arduino_sam_arduino_due_x_dbg_30f019762e8cfeac4e88b04ff2e5748c.a(WInterrupts.c.o)
                0x00082e74                PIOA_Handler
 .text.PIOB_Handler
                0x00082eac       0x38 C:\Users\Chandan\AppData\Local\Temp\arduino-sketch-4BB877CF7C4ABDF07F22EF02508501B4/..\arduino-core-cache\core_arduino_sam_arduino_due_x_dbg_30f019762e8cfeac4e88b04ff2e5748c.a(WInterrupts.c.o)
                0x00082eac                PIOB_Handler
 .text.PIOC_Handler
                0x00082ee4       0x38 C:\Users\Chandan\AppData\Local\Temp\arduino-sketch-4BB877CF7C4ABDF07F22EF02508501B4/..\arduino-core-cache\core_arduino_sam_arduino_due_x_dbg_30f019762e8cfeac4e88b04ff2e5748c.a(WInterrupts.c.o)
                0x00082ee4                PIOC_Handler
 .text.PIOD_Handler
                0x00082f1c       0x38 C:\Users\Chandan\AppData\Local\Temp\arduino-sketch-4BB877CF7C4ABDF07F22EF02508501B4/..\arduino-core-cache\core_arduino_sam_arduino_due_x_dbg_30f019762e8cfeac4e88b04ff2e5748c.a(WInterrupts.c.o)
                0x00082f1c                PIOD_Handler
 .text.__cxa_pure_virtual
                0x00082f54        0x2 C:\Users\Chandan\AppData\Local\Temp\arduino-sketch-4BB877CF7C4ABDF07F22EF02508501B4/..\arduino-core-cache\core_arduino_sam_arduino_due_x_dbg_30f019762e8cfeac4e88b04ff2e5748c.a(abi.cpp.o)
                0x00082f54                __cxa_pure_virtual
 .text.__halt   0x00082f56        0x2 C:\Users\Chandan\AppData\Local\Temp\arduino-sketch-4BB877CF7C4ABDF07F22EF02508501B4/..\arduino-core-cache\core_arduino_sam_arduino_due_x_dbg_30f019762e8cfeac4e88b04ff2e5748c.a(cortex_handlers.c.o)
                0x00082f56                DACC_Handler
                0x00082f56                DebugMon_Handler
                0x00082f56                DMAC_Handler
                0x00082f56                TRNG_Handler
                0x00082f56                HardFault_Handler
                0x00082f56                TC2_Handler
                0x00082f56                NMI_Handler
                0x00082f56                TC7_Handler
                0x00082f56                ADC_Handler
                0x00082f56                SMC_Handler
                0x00082f56                RTT_Handler
                0x00082f56                EFC1_Handler
                0x00082f56                RTC_Handler
                0x00082f56                UsageFault_Handler
                0x00082f56                TC6_Handler
                0x00082f56                WDT_Handler
                0x00082f56                CAN0_Handler
                0x00082f56                TC4_Handler
                0x00082f56                TC1_Handler
                0x00082f56                HSMCI_Handler
                0x00082f56                TC3_Handler
                0x00082f56                SSC_Handler
                0x00082f56                EFC0_Handler
                0x00082f56                PMC_Handler
                0x00082f56                PWM_Handler
                0x00082f56                CAN1_Handler
                0x00082f56                MemManage_Handler
                0x00082f56                SUPC_Handler
                0x00082f56                TC8_Handler
                0x00082f56                USART2_Handler
                0x00082f56                EMAC_Handler
                0x00082f56                BusFault_Handler
                0x00082f56                RSTC_Handler
                0x00082f56                TC0_Handler
                0x00082f56                TC5_Handler
                0x00082f56                SPI0_Handler
 .text.SVC_Handler
                0x00082f58        0x4 C:\Users\Chandan\AppData\Local\Temp\arduino-sketch-4BB877CF7C4ABDF07F22EF02508501B4/..\arduino-core-cache\core_arduino_sam_arduino_due_x_dbg_30f019762e8cfeac4e88b04ff2e5748c.a(cortex_handlers.c.o)
                0x00082f58                SVC_Handler
 .text.PendSV_Handler
                0x00082f5c        0x4 C:\Users\Chandan\AppData\Local\Temp\arduino-sketch-4BB877CF7C4ABDF07F22EF02508501B4/..\arduino-core-cache\core_arduino_sam_arduino_due_x_dbg_30f019762e8cfeac4e88b04ff2e5748c.a(cortex_handlers.c.o)
                0x00082f5c                PendSV_Handler
 .text.SysTick_Handler
                0x00082f60       0x16 C:\Users\Chandan\AppData\Local\Temp\arduino-sketch-4BB877CF7C4ABDF07F22EF02508501B4/..\arduino-core-cache\core_arduino_sam_arduino_due_x_dbg_30f019762e8cfeac4e88b04ff2e5748c.a(cortex_handlers.c.o)
                0x00082f60                SysTick_Handler
 .text.__empty  0x00082f76        0x2 C:\Users\Chandan\AppData\Local\Temp\arduino-sketch-4BB877CF7C4ABDF07F22EF02508501B4/..\arduino-core-cache\core_arduino_sam_arduino_due_x_dbg_30f019762e8cfeac4e88b04ff2e5748c.a(hooks.c.o)
                0x00082f76                yield
 .text.__false  0x00082f78        0x4 C:\Users\Chandan\AppData\Local\Temp\arduino-sketch-4BB877CF7C4ABDF07F22EF02508501B4/..\arduino-core-cache\core_arduino_sam_arduino_due_x_dbg_30f019762e8cfeac4e88b04ff2e5748c.a(hooks.c.o)
                0x00082f78                sysTickHook
 .text.__halt   0x00082f7c        0x2 C:\Users\Chandan\AppData\Local\Temp\arduino-sketch-4BB877CF7C4ABDF07F22EF02508501B4/..\arduino-core-cache\core_arduino_sam_arduino_due_x_dbg_30f019762e8cfeac4e88b04ff2e5748c.a(hooks.c.o)
                0x00082f7c                svcHook
                0x00082f7c                pendSVHook
 .text.initVariant
                0x00082f7e        0x2 C:\Users\Chandan\AppData\Local\Temp\arduino-sketch-4BB877CF7C4ABDF07F22EF02508501B4/..\arduino-core-cache\core_arduino_sam_arduino_due_x_dbg_30f019762e8cfeac4e88b04ff2e5748c.a(main.cpp.o)
                0x00082f7e                initVariant
 .text.startup.main
                0x00082f80       0x38 C:\Users\Chandan\AppData\Local\Temp\arduino-sketch-4BB877CF7C4ABDF07F22EF02508501B4/..\arduino-core-cache\core_arduino_sam_arduino_due_x_dbg_30f019762e8cfeac4e88b04ff2e5748c.a(main.cpp.o)
                0x00082f80                main
 .text._Znwj    0x00082fb8        0x4 C:\Users\Chandan\AppData\Local\Temp\arduino-sketch-4BB877CF7C4ABDF07F22EF02508501B4/..\arduino-core-cache\core_arduino_sam_arduino_due_x_dbg_30f019762e8cfeac4e88b04ff2e5748c.a(new.cpp.o)
                0x00082fb8                operator new(unsigned int)
 .text._ZdlPv   0x00082fbc        0x4 C:\Users\Chandan\AppData\Local\Temp\arduino-sketch-4BB877CF7C4ABDF07F22EF02508501B4/..\arduino-core-cache\core_arduino_sam_arduino_due_x_dbg_30f019762e8cfeac4e88b04ff2e5748c.a(new.cpp.o)
                0x00082fbc                operator delete(void*)
 .text._sbrk    0x00082fc0       0x1c C:\Users\Chandan\AppData\Local\Temp\arduino-sketch-4BB877CF7C4ABDF07F22EF02508501B4/..\arduino-core-cache\core_arduino_sam_arduino_due_x_dbg_30f019762e8cfeac4e88b04ff2e5748c.a(syscalls_sam3.c.o)
                0x00082fc0                _sbrk
 .text.link     0x00082fdc        0x6 C:\Users\Chandan\AppData\Local\Temp\arduino-sketch-4BB877CF7C4ABDF07F22EF02508501B4/..\arduino-core-cache\core_arduino_sam_arduino_due_x_dbg_30f019762e8cfeac4e88b04ff2e5748c.a(syscalls_sam3.c.o)
                0x00082fdc                link
 .text._close   0x00082fe2        0x6 C:\Users\Chandan\AppData\Local\Temp\arduino-sketch-4BB877CF7C4ABDF07F22EF02508501B4/..\arduino-core-cache\core_arduino_sam_arduino_due_x_dbg_30f019762e8cfeac4e88b04ff2e5748c.a(syscalls_sam3.c.o)
                0x00082fe2                _close
 .text._fstat   0x00082fe8        0xa C:\Users\Chandan\AppData\Local\Temp\arduino-sketch-4BB877CF7C4ABDF07F22EF02508501B4/..\arduino-core-cache\core_arduino_sam_arduino_due_x_dbg_30f019762e8cfeac4e88b04ff2e5748c.a(syscalls_sam3.c.o)
                0x00082fe8                _fstat
 .text._isatty  0x00082ff2        0x4 C:\Users\Chandan\AppData\Local\Temp\arduino-sketch-4BB877CF7C4ABDF07F22EF02508501B4/..\arduino-core-cache\core_arduino_sam_arduino_due_x_dbg_30f019762e8cfeac4e88b04ff2e5748c.a(syscalls_sam3.c.o)
                0x00082ff2                _isatty
 .text._lseek   0x00082ff6        0x4 C:\Users\Chandan\AppData\Local\Temp\arduino-sketch-4BB877CF7C4ABDF07F22EF02508501B4/..\arduino-core-cache\core_arduino_sam_arduino_due_x_dbg_30f019762e8cfeac4e88b04ff2e5748c.a(syscalls_sam3.c.o)
                0x00082ff6                _lseek
 .text._read    0x00082ffa        0x4 C:\Users\Chandan\AppData\Local\Temp\arduino-sketch-4BB877CF7C4ABDF07F22EF02508501B4/..\arduino-core-cache\core_arduino_sam_arduino_due_x_dbg_30f019762e8cfeac4e88b04ff2e5748c.a(syscalls_sam3.c.o)
                0x00082ffa                _read
 *fill*         0x00082ffe        0x2 
 .text._write   0x00083000       0x24 C:\Users\Chandan\AppData\Local\Temp\arduino-sketch-4BB877CF7C4ABDF07F22EF02508501B4/..\arduino-core-cache\core_arduino_sam_arduino_due_x_dbg_30f019762e8cfeac4e88b04ff2e5748c.a(syscalls_sam3.c.o)
                0x00083000                _write
 .text._exit    0x00083024        0x2 C:\Users\Chandan\AppData\Local\Temp\arduino-sketch-4BB877CF7C4ABDF07F22EF02508501B4/..\arduino-core-cache\core_arduino_sam_arduino_due_x_dbg_30f019762e8cfeac4e88b04ff2e5748c.a(syscalls_sam3.c.o)
                0x00083024                _exit
 .text._kill    0x00083026        0x2 C:\Users\Chandan\AppData\Local\Temp\arduino-sketch-4BB877CF7C4ABDF07F22EF02508501B4/..\arduino-core-cache\core_arduino_sam_arduino_due_x_dbg_30f019762e8cfeac4e88b04ff2e5748c.a(syscalls_sam3.c.o)
                0x00083026                _kill
 .text._getpid  0x00083028        0x6 C:\Users\Chandan\AppData\Local\Temp\arduino-sketch-4BB877CF7C4ABDF07F22EF02508501B4/..\arduino-core-cache\core_arduino_sam_arduino_due_x_dbg_30f019762e8cfeac4e88b04ff2e5748c.a(syscalls_sam3.c.o)
                0x00083028                _getpid
 *fill*         0x0008302e        0x2 
 .text._watchdogDefaultSetup
                0x00083030        0xc C:\Users\Chandan\AppData\Local\Temp\arduino-sketch-4BB877CF7C4ABDF07F22EF02508501B4/..\arduino-core-cache\core_arduino_sam_arduino_due_x_dbg_30f019762e8cfeac4e88b04ff2e5748c.a(watchdog.cpp.o)
                0x00083030                _watchdogDefaultSetup
                0x00083030                watchdogSetup()
 .text.millis   0x0008303c        0x4 C:\Users\Chandan\AppData\Local\Temp\arduino-sketch-4BB877CF7C4ABDF07F22EF02508501B4/..\arduino-core-cache\core_arduino_sam_arduino_due_x_dbg_30f019762e8cfeac4e88b04ff2e5748c.a(wiring.c.o)
                0x0008303c                millis
 .text.delay    0x00083040       0x1c C:\Users\Chandan\AppData\Local\Temp\arduino-sketch-4BB877CF7C4ABDF07F22EF02508501B4/..\arduino-core-cache\core_arduino_sam_arduino_due_x_dbg_30f019762e8cfeac4e88b04ff2e5748c.a(wiring.c.o)
                0x00083040                delay
 .text.analogOutputInit
                0x0008305c        0x2 C:\Users\Chandan\AppData\Local\Temp\arduino-sketch-4BB877CF7C4ABDF07F22EF02508501B4/..\arduino-core-cache\core_arduino_sam_arduino_due_x_dbg_30f019762e8cfeac4e88b04ff2e5748c.a(wiring_analog.c.o)
                0x0008305c                analogOutputInit
 *fill*         0x0008305e        0x2 
 .text.pinMode  0x00083060      0x108 C:\Users\Chandan\AppData\Local\Temp\arduino-sketch-4BB877CF7C4ABDF07F22EF02508501B4/..\arduino-core-cache\core_arduino_sam_arduino_due_x_dbg_30f019762e8cfeac4e88b04ff2e5748c.a(wiring_digital.c.o)
                0x00083060                pinMode
 .text.digitalWrite
                0x00083168       0x70 C:\Users\Chandan\AppData\Local\Temp\arduino-sketch-4BB877CF7C4ABDF07F22EF02508501B4/..\arduino-core-cache\core_arduino_sam_arduino_due_x_dbg_30f019762e8cfeac4e88b04ff2e5748c.a(wiring_digital.c.o)
                0x00083168                digitalWrite
 .text.initiateReset
                0x000831d8        0xc C:\Users\Chandan\AppData\Local\Temp\arduino-sketch-4BB877CF7C4ABDF07F22EF02508501B4/..\arduino-core-cache\core_arduino_sam_arduino_due_x_dbg_30f019762e8cfeac4e88b04ff2e5748c.a(Reset.cpp.o)
                0x000831d8                initiateReset
 .text.cancelReset
                0x000831e4       0x10 C:\Users\Chandan\AppData\Local\Temp\arduino-sketch-4BB877CF7C4ABDF07F22EF02508501B4/..\arduino-core-cache\core_arduino_sam_arduino_due_x_dbg_30f019762e8cfeac4e88b04ff2e5748c.a(Reset.cpp.o)
                0x000831e4                cancelReset
 .text.tickReset
                0x000831f4       0x20 C:\Users\Chandan\AppData\Local\Temp\arduino-sketch-4BB877CF7C4ABDF07F22EF02508501B4/..\arduino-core-cache\core_arduino_sam_arduino_due_x_dbg_30f019762e8cfeac4e88b04ff2e5748c.a(Reset.cpp.o)
                0x000831f4                tickReset
 .text.unlikely._ZL11USB_SendZlpv
                0x00083214       0x20 C:\Users\Chandan\AppData\Local\Temp\arduino-sketch-4BB877CF7C4ABDF07F22EF02508501B4/..\arduino-core-cache\core_arduino_sam_arduino_due_x_dbg_30f019762e8cfeac4e88b04ff2e5748c.a(USBCore.cpp.o)
 .text._Z14USBD_Availablem
                0x00083234       0x2c C:\Users\Chandan\AppData\Local\Temp\arduino-sketch-4BB877CF7C4ABDF07F22EF02508501B4/..\arduino-core-cache\core_arduino_sam_arduino_due_x_dbg_30f019762e8cfeac4e88b04ff2e5748c.a(USBCore.cpp.o)
                0x00083234                USBD_Available(unsigned long)
 .text._Z9USBD_RecvmPvm
                0x00083260       0x7c C:\Users\Chandan\AppData\Local\Temp\arduino-sketch-4BB877CF7C4ABDF07F22EF02508501B4/..\arduino-core-cache\core_arduino_sam_arduino_due_x_dbg_30f019762e8cfeac4e88b04ff2e5748c.a(USBCore.cpp.o)
                0x00083260                USBD_Recv(unsigned long, void*, unsigned long)
 .text._Z9USBD_Recvm
                0x000832dc       0x22 C:\Users\Chandan\AppData\Local\Temp\arduino-sketch-4BB877CF7C4ABDF07F22EF02508501B4/..\arduino-core-cache\core_arduino_sam_arduino_due_x_dbg_30f019762e8cfeac4e88b04ff2e5748c.a(USBCore.cpp.o)
                0x000832dc                USBD_Recv(unsigned long)
 *fill*         0x000832fe        0x2 
 .text._Z9USBD_SendmPKvm
                0x00083300       0x4c C:\Users\Chandan\AppData\Local\Temp\arduino-sketch-4BB877CF7C4ABDF07F22EF02508501B4/..\arduino-core-cache\core_arduino_sam_arduino_due_x_dbg_30f019762e8cfeac4e88b04ff2e5748c.a(USBCore.cpp.o)
                0x00083300                USBD_Send(unsigned long, void const*, unsigned long)
 .text._Z16USBD_SendControlhPKvm
                0x0008334c       0x40 C:\Users\Chandan\AppData\Local\Temp\arduino-sketch-4BB877CF7C4ABDF07F22EF02508501B4/..\arduino-core-cache\core_arduino_sam_arduino_due_x_dbg_30f019762e8cfeac4e88b04ff2e5748c.a(USBCore.cpp.o)
                0x0008334c                USBD_SendControl(unsigned char, void const*, unsigned long)
 .text.unlikely._ZL24USB_SendStringDescriptorPKhi
                0x0008338c       0x64 C:\Users\Chandan\AppData\Local\Temp\arduino-sketch-4BB877CF7C4ABDF07F22EF02508501B4/..\arduino-core-cache\core_arduino_sam_arduino_due_x_dbg_30f019762e8cfeac4e88b04ff2e5748c.a(USBCore.cpp.o)
 .text._Z16USBD_RecvControlPvm
                0x000833f0       0x1c C:\Users\Chandan\AppData\Local\Temp\arduino-sketch-4BB877CF7C4ABDF07F22EF02508501B4/..\arduino-core-cache\core_arduino_sam_arduino_due_x_dbg_30f019762e8cfeac4e88b04ff2e5748c.a(USBCore.cpp.o)
                0x000833f0                USBD_RecvControl(void*, unsigned long)
 .text._Z26USBD_ClassInterfaceRequestR8USBSetup
                0x0008340c       0x1e C:\Users\Chandan\AppData\Local\Temp\arduino-sketch-4BB877CF7C4ABDF07F22EF02508501B4/..\arduino-core-cache\core_arduino_sam_arduino_due_x_dbg_30f019762e8cfeac4e88b04ff2e5748c.a(USBCore.cpp.o)
                0x0008340c                USBD_ClassInterfaceRequest(USBSetup&)
 .text._Z19USBD_SendInterfacesv
                0x0008342a       0x22 C:\Users\Chandan\AppData\Local\Temp\arduino-sketch-4BB877CF7C4ABDF07F22EF02508501B4/..\arduino-core-cache\core_arduino_sam_arduino_due_x_dbg_30f019762e8cfeac4e88b04ff2e5748c.a(USBCore.cpp.o)
                0x0008342a                USBD_SendInterfaces()
 .text._Z24USBD_SendOtherInterfacesv
                0x0008344c       0x22 C:\Users\Chandan\AppData\Local\Temp\arduino-sketch-4BB877CF7C4ABDF07F22EF02508501B4/..\arduino-core-cache\core_arduino_sam_arduino_due_x_dbg_30f019762e8cfeac4e88b04ff2e5748c.a(USBCore.cpp.o)
                0x0008344c                USBD_SendOtherInterfaces()
 .text._Z10USBD_Flushm
                0x0008346e       0x16 C:\Users\Chandan\AppData\Local\Temp\arduino-sketch-4BB877CF7C4ABDF07F22EF02508501B4/..\arduino-core-cache\core_arduino_sam_arduino_due_x_dbg_30f019762e8cfeac4e88b04ff2e5748c.a(USBCore.cpp.o)
                0x0008346e                USBD_Flush(unsigned long)
 .text._ZN10USBDevice_C2Ev
                0x00083484       0x24 C:\Users\Chandan\AppData\Local\Temp\arduino-sketch-4BB877CF7C4ABDF07F22EF02508501B4/..\arduino-core-cache\core_arduino_sam_arduino_due_x_dbg_30f019762e8cfeac4e88b04ff2e5748c.a(USBCore.cpp.o)
                0x00083484                USBDevice_::USBDevice_()
                0x00083484                USBDevice_::USBDevice_()
 .text._ZN10USBDevice_6attachEv
                0x000834a8       0x20 C:\Users\Chandan\AppData\Local\Temp\arduino-sketch-4BB877CF7C4ABDF07F22EF02508501B4/..\arduino-core-cache\core_arduino_sam_arduino_due_x_dbg_30f019762e8cfeac4e88b04ff2e5748c.a(USBCore.cpp.o)
                0x000834a8                USBDevice_::attach()
 .text.startup._GLOBAL__sub_I_EndPoints
                0x000834c8        0xc C:\Users\Chandan\AppData\Local\Temp\arduino-sketch-4BB877CF7C4ABDF07F22EF02508501B4/..\arduino-core-cache\core_arduino_sam_arduino_due_x_dbg_30f019762e8cfeac4e88b04ff2e5748c.a(USBCore.cpp.o)
 .text._ZL7USB_ISRv
                0x000834d4      0x454 C:\Users\Chandan\AppData\Local\Temp\arduino-sketch-4BB877CF7C4ABDF07F22EF02508501B4/..\arduino-core-cache\core_arduino_sam_arduino_due_x_dbg_30f019762e8cfeac4e88b04ff2e5748c.a(USBCore.cpp.o)
 .text._ZN7Serial_9availableEv
                0x00083928       0x18 C:\Users\Chandan\AppData\Local\Temp\arduino-sketch-4BB877CF7C4ABDF07F22EF02508501B4/..\arduino-core-cache\core_arduino_sam_arduino_due_x_dbg_30f019762e8cfeac4e88b04ff2e5748c.a(CDC.cpp.o)
                0x00083928                Serial_::available()
 .text._ZN7Serial_17availableForWriteEv
                0x00083940        0x6 C:\Users\Chandan\AppData\Local\Temp\arduino-sketch-4BB877CF7C4ABDF07F22EF02508501B4/..\arduino-core-cache\core_arduino_sam_arduino_due_x_dbg_30f019762e8cfeac4e88b04ff2e5748c.a(CDC.cpp.o)
                0x00083940                Serial_::availableForWrite()
 *fill*         0x00083946        0x2 
 .text._ZN7Serial_4peekEv
                0x00083948       0x20 C:\Users\Chandan\AppData\Local\Temp\arduino-sketch-4BB877CF7C4ABDF07F22EF02508501B4/..\arduino-core-cache\core_arduino_sam_arduino_due_x_dbg_30f019762e8cfeac4e88b04ff2e5748c.a(CDC.cpp.o)
                0x00083948                Serial_::peek()
 .text._ZN7Serial_5writeEh
                0x00083968       0x16 C:\Users\Chandan\AppData\Local\Temp\arduino-sketch-4BB877CF7C4ABDF07F22EF02508501B4/..\arduino-core-cache\core_arduino_sam_arduino_due_x_dbg_30f019762e8cfeac4e88b04ff2e5748c.a(CDC.cpp.o)
                0x00083968                Serial_::write(unsigned char)
 *fill*         0x0008397e        0x2 
 .text._ZN7Serial_4readEv
                0x00083980       0x44 C:\Users\Chandan\AppData\Local\Temp\arduino-sketch-4BB877CF7C4ABDF07F22EF02508501B4/..\arduino-core-cache\core_arduino_sam_arduino_due_x_dbg_30f019762e8cfeac4e88b04ff2e5748c.a(CDC.cpp.o)
                0x00083980                Serial_::read()
 .text._ZN7Serial_5flushEv
                0x000839c4        0x6 C:\Users\Chandan\AppData\Local\Temp\arduino-sketch-4BB877CF7C4ABDF07F22EF02508501B4/..\arduino-core-cache\core_arduino_sam_arduino_due_x_dbg_30f019762e8cfeac4e88b04ff2e5748c.a(CDC.cpp.o)
                0x000839c4                Serial_::flush()
 *fill*         0x000839ca        0x2 
 .text._ZN7Serial_6acceptEv
                0x000839cc       0x70 C:\Users\Chandan\AppData\Local\Temp\arduino-sketch-4BB877CF7C4ABDF07F22EF02508501B4/..\arduino-core-cache\core_arduino_sam_arduino_due_x_dbg_30f019762e8cfeac4e88b04ff2e5748c.a(CDC.cpp.o)
                0x000839cc                Serial_::accept()
 .text._ZN7Serial_5writeEPKhj
                0x00083a3c       0x2c C:\Users\Chandan\AppData\Local\Temp\arduino-sketch-4BB877CF7C4ABDF07F22EF02508501B4/..\arduino-core-cache\core_arduino_sam_arduino_due_x_dbg_30f019762e8cfeac4e88b04ff2e5748c.a(CDC.cpp.o)
                0x00083a3c                Serial_::write(unsigned char const*, unsigned int)
 .text._Z16CDC_GetInterfacePh
                0x00083a68       0x14 C:\Users\Chandan\AppData\Local\Temp\arduino-sketch-4BB877CF7C4ABDF07F22EF02508501B4/..\arduino-core-cache\core_arduino_sam_arduino_due_x_dbg_30f019762e8cfeac4e88b04ff2e5748c.a(CDC.cpp.o)
                0x00083a68                CDC_GetInterface(unsigned char*)
 .text._Z21CDC_GetOtherInterfacePh
                0x00083a7c       0x14 C:\Users\Chandan\AppData\Local\Temp\arduino-sketch-4BB877CF7C4ABDF07F22EF02508501B4/..\arduino-core-cache\core_arduino_sam_arduino_due_x_dbg_30f019762e8cfeac4e88b04ff2e5748c.a(CDC.cpp.o)
                0x00083a7c                CDC_GetOtherInterface(unsigned char*)
 .text._Z9CDC_SetupR8USBSetup
                0x00083a90       0x78 C:\Users\Chandan\AppData\Local\Temp\arduino-sketch-4BB877CF7C4ABDF07F22EF02508501B4/..\arduino-core-cache\core_arduino_sam_arduino_due_x_dbg_30f019762e8cfeac4e88b04ff2e5748c.a(CDC.cpp.o)
                0x00083a90                CDC_Setup(USBSetup&)
 .text.startup._GLOBAL__sub_I_cdc_rx_buffer
                0x00083b08       0x1c C:\Users\Chandan\AppData\Local\Temp\arduino-sketch-4BB877CF7C4ABDF07F22EF02508501B4/..\arduino-core-cache\core_arduino_sam_arduino_due_x_dbg_30f019762e8cfeac4e88b04ff2e5748c.a(CDC.cpp.o)
 .text._ZN13PluggableUSB_12getInterfaceEPh
                0x00083b24       0x28 C:\Users\Chandan\AppData\Local\Temp\arduino-sketch-4BB877CF7C4ABDF07F22EF02508501B4/..\arduino-core-cache\core_arduino_sam_arduino_due_x_dbg_30f019762e8cfeac4e88b04ff2e5748c.a(PluggableUSB.cpp.o)
                0x00083b24                PluggableUSB_::getInterface(unsigned char*)
 .text._ZN13PluggableUSB_13getDescriptorER8USBSetup
                0x00083b4c       0x1c C:\Users\Chandan\AppData\Local\Temp\arduino-sketch-4BB877CF7C4ABDF07F22EF02508501B4/..\arduino-core-cache\core_arduino_sam_arduino_due_x_dbg_30f019762e8cfeac4e88b04ff2e5748c.a(PluggableUSB.cpp.o)
                0x00083b4c                PluggableUSB_::getDescriptor(USBSetup&)
 .text._ZN13PluggableUSB_12getShortNameEPc
                0x00083b68       0x1c C:\Users\Chandan\AppData\Local\Temp\arduino-sketch-4BB877CF7C4ABDF07F22EF02508501B4/..\arduino-core-cache\core_arduino_sam_arduino_due_x_dbg_30f019762e8cfeac4e88b04ff2e5748c.a(PluggableUSB.cpp.o)
                0x00083b68                PluggableUSB_::getShortName(char*)
 .text._ZN13PluggableUSB_5setupER8USBSetup
                0x00083b84       0x20 C:\Users\Chandan\AppData\Local\Temp\arduino-sketch-4BB877CF7C4ABDF07F22EF02508501B4/..\arduino-core-cache\core_arduino_sam_arduino_due_x_dbg_30f019762e8cfeac4e88b04ff2e5748c.a(PluggableUSB.cpp.o)
                0x00083b84                PluggableUSB_::setup(USBSetup&)
 .text._Z12PluggableUSBv
                0x00083ba4       0x28 C:\Users\Chandan\AppData\Local\Temp\arduino-sketch-4BB877CF7C4ABDF07F22EF02508501B4/..\arduino-core-cache\core_arduino_sam_arduino_due_x_dbg_30f019762e8cfeac4e88b04ff2e5748c.a(PluggableUSB.cpp.o)
                0x00083ba4                PluggableUSB()
 .text.TimeTick_Increment
                0x00083bcc       0x10 C:\Users\Chandan\AppData\Local\Arduino15\packages\arduino\hardware\sam\1.6.12\variants\arduino_due_x/libsam_sam3x8e_gcc_rel.a(timetick.o)
                0x00083bcc                TimeTick_Increment
 .text.GetTickCount
                0x00083bdc        0xc C:\Users\Chandan\AppData\Local\Arduino15\packages\arduino\hardware\sam\1.6.12\variants\arduino_due_x/libsam_sam3x8e_gcc_rel.a(timetick.o)
                0x00083bdc                GetTickCount
 .text.WDT_Disable
                0x00083be8        0x8 C:\Users\Chandan\AppData\Local\Arduino15\packages\arduino\hardware\sam\1.6.12\variants\arduino_due_x/libsam_sam3x8e_gcc_rel.a(wdt.o)
                0x00083be8                WDT_Disable
 .text.UDD_SetStack
                0x00083bf0        0xc C:\Users\Chandan\AppData\Local\Arduino15\packages\arduino\hardware\sam\1.6.12\variants\arduino_due_x/libsam_sam3x8e_gcc_rel.a(uotghs_device.o)
                0x00083bf0                UDD_SetStack
 .text.UDD_Init
                0x00083bfc       0xd0 C:\Users\Chandan\AppData\Local\Arduino15\packages\arduino\hardware\sam\1.6.12\variants\arduino_due_x/libsam_sam3x8e_gcc_rel.a(uotghs_device.o)
                0x00083bfc                UDD_Init
 .text.UDD_Attach
                0x00083ccc       0x50 C:\Users\Chandan\AppData\Local\Arduino15\packages\arduino\hardware\sam\1.6.12\variants\arduino_due_x/libsam_sam3x8e_gcc_rel.a(uotghs_device.o)
                0x00083ccc                UDD_Attach
 .text.UDD_InitEP
                0x00083d1c       0x2c C:\Users\Chandan\AppData\Local\Arduino15\packages\arduino\hardware\sam\1.6.12\variants\arduino_due_x/libsam_sam3x8e_gcc_rel.a(uotghs_device.o)
                0x00083d1c                UDD_InitEP
 .text.UDD_InitEndpoints
                0x00083d48       0x3c C:\Users\Chandan\AppData\Local\Arduino15\packages\arduino\hardware\sam\1.6.12\variants\arduino_due_x/libsam_sam3x8e_gcc_rel.a(uotghs_device.o)
                0x00083d48                UDD_InitEndpoints
 .text.UDD_WaitIN
                0x00083d84       0x10 C:\Users\Chandan\AppData\Local\Arduino15\packages\arduino\hardware\sam\1.6.12\variants\arduino_due_x/libsam_sam3x8e_gcc_rel.a(uotghs_device.o)
                0x00083d84                UDD_WaitIN
 .text.UDD_WaitOUT
                0x00083d94       0x10 C:\Users\Chandan\AppData\Local\Arduino15\packages\arduino\hardware\sam\1.6.12\variants\arduino_due_x/libsam_sam3x8e_gcc_rel.a(uotghs_device.o)
                0x00083d94                UDD_WaitOUT
 .text.UDD_ClearIN
                0x00083da4       0x18 C:\Users\Chandan\AppData\Local\Arduino15\packages\arduino\hardware\sam\1.6.12\variants\arduino_due_x/libsam_sam3x8e_gcc_rel.a(uotghs_device.o)
                0x00083da4                UDD_ClearIN
 .text.UDD_ClearOUT
                0x00083dbc       0x18 C:\Users\Chandan\AppData\Local\Arduino15\packages\arduino\hardware\sam\1.6.12\variants\arduino_due_x/libsam_sam3x8e_gcc_rel.a(uotghs_device.o)
                0x00083dbc                UDD_ClearOUT
 .text.UDD_ReceivedSetupInt
                0x00083dd4       0x10 C:\Users\Chandan\AppData\Local\Arduino15\packages\arduino\hardware\sam\1.6.12\variants\arduino_due_x/libsam_sam3x8e_gcc_rel.a(uotghs_device.o)
                0x00083dd4                UDD_ReceivedSetupInt
 .text.UDD_ClearSetupInt
                0x00083de4       0x10 C:\Users\Chandan\AppData\Local\Arduino15\packages\arduino\hardware\sam\1.6.12\variants\arduino_due_x/libsam_sam3x8e_gcc_rel.a(uotghs_device.o)
                0x00083de4                UDD_ClearSetupInt
 .text.UDD_Send
                0x00083df4       0x88 C:\Users\Chandan\AppData\Local\Arduino15\packages\arduino\hardware\sam\1.6.12\variants\arduino_due_x/libsam_sam3x8e_gcc_rel.a(uotghs_device.o)
                0x00083df4                UDD_Send
 .text.UDD_Send8
                0x00083e7c       0x24 C:\Users\Chandan\AppData\Local\Arduino15\packages\arduino\hardware\sam\1.6.12\variants\arduino_due_x/libsam_sam3x8e_gcc_rel.a(uotghs_device.o)
                0x00083e7c                UDD_Send8
 .text.UDD_Recv8
                0x00083ea0       0x28 C:\Users\Chandan\AppData\Local\Arduino15\packages\arduino\hardware\sam\1.6.12\variants\arduino_due_x/libsam_sam3x8e_gcc_rel.a(uotghs_device.o)
                0x00083ea0                UDD_Recv8
 .text.UDD_Recv
                0x00083ec8       0x34 C:\Users\Chandan\AppData\Local\Arduino15\packages\arduino\hardware\sam\1.6.12\variants\arduino_due_x/libsam_sam3x8e_gcc_rel.a(uotghs_device.o)
                0x00083ec8                UDD_Recv
 .text.UDD_Stall
                0x00083efc       0x14 C:\Users\Chandan\AppData\Local\Arduino15\packages\arduino\hardware\sam\1.6.12\variants\arduino_due_x/libsam_sam3x8e_gcc_rel.a(uotghs_device.o)
                0x00083efc                UDD_Stall
 .text.UDD_FifoByteCount
                0x00083f10       0x14 C:\Users\Chandan\AppData\Local\Arduino15\packages\arduino\hardware\sam\1.6.12\variants\arduino_due_x/libsam_sam3x8e_gcc_rel.a(uotghs_device.o)
                0x00083f10                UDD_FifoByteCount
 .text.UDD_ReleaseRX
                0x00083f24       0x28 C:\Users\Chandan\AppData\Local\Arduino15\packages\arduino\hardware\sam\1.6.12\variants\arduino_due_x/libsam_sam3x8e_gcc_rel.a(uotghs_device.o)
                0x00083f24                UDD_ReleaseRX
 .text.UDD_ReleaseTX
                0x00083f4c       0x28 C:\Users\Chandan\AppData\Local\Arduino15\packages\arduino\hardware\sam\1.6.12\variants\arduino_due_x/libsam_sam3x8e_gcc_rel.a(uotghs_device.o)
                0x00083f4c                UDD_ReleaseTX
 .text.UDD_SetAddress
                0x00083f74       0x20 C:\Users\Chandan\AppData\Local\Arduino15\packages\arduino\hardware\sam\1.6.12\variants\arduino_due_x/libsam_sam3x8e_gcc_rel.a(uotghs_device.o)
                0x00083f74                UDD_SetAddress
 .text.__fpclassifyd
                0x00083f94       0x50 c:/users/chandan/appdata/local/arduino15/packages/arduino/tools/arm-none-eabi-gcc/4.8.3-2014q1/bin/../lib/gcc/arm-none-eabi/4.8.3/../../../../arm-none-eabi/lib/armv7-m\libm.a(lib_a-s_fpclassify.o)
                0x00083f94                __fpclassifyd
 .text          0x00083fe4      0x370 c:/users/chandan/appdata/local/arduino15/packages/arduino/tools/arm-none-eabi-gcc/4.8.3-2014q1/bin/../lib/gcc/arm-none-eabi/4.8.3/armv7-m\libgcc.a(_arm_addsubdf3.o)
                0x00083fe4                __aeabi_drsub
                0x00083fec                __aeabi_dsub
                0x00083fec                __subdf3
                0x00083ff0                __aeabi_dadd
                0x00083ff0                __adddf3
                0x00084268                __floatunsidf
                0x00084268                __aeabi_ui2d
                0x00084288                __floatsidf
                0x00084288                __aeabi_i2d
                0x000842ac                __aeabi_f2d
                0x000842ac                __extendsfdf2
                0x000842e8                __floatundidf
                0x000842e8                __aeabi_ul2d
                0x000842f8                __floatdidf
                0x000842f8                __aeabi_l2d
 .text          0x00084354      0x424 c:/users/chandan/appdata/local/arduino15/packages/arduino/tools/arm-none-eabi-gcc/4.8.3-2014q1/bin/../lib/gcc/arm-none-eabi/4.8.3/armv7-m\libgcc.a(_arm_muldivdf3.o)
                0x00084354                __aeabi_dmul
                0x00084354                __muldf3
                0x000845a8                __divdf3
                0x000845a8                __aeabi_ddiv
 .text          0x00084778      0x110 c:/users/chandan/appdata/local/arduino15/packages/arduino/tools/arm-none-eabi-gcc/4.8.3-2014q1/bin/../lib/gcc/arm-none-eabi/4.8.3/armv7-m\libgcc.a(_arm_cmpdf2.o)
                0x00084778                __gtdf2
                0x00084778                __gedf2
                0x00084780                __ltdf2
                0x00084780                __ledf2
                0x00084788                __nedf2
                0x00084788                __eqdf2
                0x00084788                __cmpdf2
                0x00084804                __aeabi_cdrcmple
                0x00084814                __aeabi_cdcmpeq
                0x00084814                __aeabi_cdcmple
                0x00084824                __aeabi_dcmpeq
                0x00084838                __aeabi_dcmplt
                0x0008484c                __aeabi_dcmple
                0x00084860                __aeabi_dcmpge
                0x00084874                __aeabi_dcmpgt
 .text          0x00084888       0x40 c:/users/chandan/appdata/local/arduino15/packages/arduino/tools/arm-none-eabi-gcc/4.8.3-2014q1/bin/../lib/gcc/arm-none-eabi/4.8.3/armv7-m\libgcc.a(_arm_fixunsdfsi.o)
                0x00084888                __aeabi_d2uiz
                0x00084888                __fixunsdfsi
 .text          0x000848c8       0xa0 c:/users/chandan/appdata/local/arduino15/packages/arduino/tools/arm-none-eabi-gcc/4.8.3-2014q1/bin/../lib/gcc/arm-none-eabi/4.8.3/armv7-m\libgcc.a(_arm_truncdfsf2.o)
                0x000848c8                __truncdfsf2
                0x000848c8                __aeabi_d2f
 .text          0x00084968      0x21c c:/users/chandan/appdata/local/arduino15/packages/arduino/tools/arm-none-eabi-gcc/4.8.3-2014q1/bin/../lib/gcc/arm-none-eabi/4.8.3/armv7-m\libgcc.a(_arm_addsubsf3.o)
                0x00084968                __aeabi_frsub
                0x00084970                __subsf3
                0x00084970                __aeabi_fsub
                0x00084974                __aeabi_fadd
                0x00084974                __addsf3
                0x00084ad4                __aeabi_ui2f
                0x00084ad4                __floatunsisf
                0x00084adc                __aeabi_i2f
                0x00084adc                __floatsisf